$name=batrider
$default=001
$songmax=255
$main

#001 Zero Cop                 （崎元 仁）
#002 Choice or Die!           （並木 学）
#003 Easy to Go               （並木 学）
#004 Purple Twilight          （並木 学）
#005 Missile Fever            （並木 学）
#006 No Way Out               （並木 学）
#007 Chasing Gang,Need 4 Speed（並木 学）
#008 Cool Riding              （小谷野 謙一／崎元 仁）
#009 External View            （小谷野 謙一／崎元 仁）
#010 Chop U!                  （並木 学）
#011 Let Ass Kick Together!   （並木 学）
#012 Nimbus                   （小谷野 謙一／崎元 仁）
#013 Spiral Locus             （本山 淳弘／並木 学）
#014 Divided by Zero          （岩田 匡治／並木 学）
#015 Stab'n Stomp!            （並木 学）
#016 Drag Ster                （小谷野 謙一／崎元 仁）
#017 Funkey Dude              （並木 学）
#018 Ure Fired!               （並木 学）
#019 Flashback                （並木 学）
#020 Morning News             （並木 学）
#021 Circus Fooligan          （並木 学）
#022 Hyper Ventilation        （並木 学）
#023 Sad blue Time            （並木 学）
#024 Theme of Carpet Stories  （並木 学）
#025 Chop Me Again            （崎元 仁）

■出典
　秘密っていうか出所不明のＭＤＸ

　３２以降はＳＥ
------------------------------------------------------
#032 ライジング
#033 クレジット音

------------------------------------------------------
$end

by baddy