$name=mtwins
$default=95
$songmax=117
$main

#95 [voice] がんばってね（クレジット） / ネーミング＋ラウンド選択 <0:21>
#02 旅立ち（ラウンド１） <2:02>
#13 ボスのテーマ <0:57>
#28 ラウンドクリア
#14 神様のテーマ <0:23>
#03 空の上には・・・（ラウンド２） <2:00>
#30 タイフーンキッド <1:23>
#16 ボーナスステージ <0:57>
#112 パーフェクトファンファーレ <0:02>
#04 海の中では・・・（ラウンド３） <2:16>
#05 ドラゴンブルーアイズ（ラウンド選択クリアデモ１） <0:28>
#27 秘密の扉（ラウンド選択クリアデモ２） <0:16>
#06 モンスター城発見！！（ラウンド４－１） <1:52>
#07 侵入開始（ラウンド４－２）<1:43>
#08 怖いダンジョン（ラウンド４－３） <1:26>
#09 高い塔（ラウンド４－４） <1:26>
#10 戦いの時が来た！（ラウンド４－５）<2:21>
#15 ロエピー大魔王のテーマ <2:03>
#11 脱出（ラウンド５－１） <1:51>
#12 故郷をめざして（ラウンド５－２） <1:30>
#94 大勝利！（最終ラウンドクリア）
#23 そして楽園へ（エンディング１） <1:00>
#24 そして楽園へ（エンディング２） <1:16>
#31 スタッフロール <1:56>
#01 チキチキボーイズ（チキチキボーイズ・メインテーマ） <2:17>
#19 ランキング１位 <0:42>
#20 ランキングディスプレイ  <1:00>
#17 ゲームオーバー

------------------------------------------------------
■出典
   STREET FIGHTER Ⅱ -G.S.M. CAPCOM 4- / ALFH LYRA
   SCITRON PCCB-00056  1991.3.21
------------------------------------------------------
 [SE]

#32 [SE]
#33 [SE]
#34 [SE]
#35 [SE]
#36 [SE]
#37 [SE]
#38 [SE]
#39 [SE]
#40 [SE]
#41 [SE]
#42 [SE]
#43 [SE]
#44 [SE]
#45 [SE]
#46 [SE]
#47 [SE]
#48 [SE]
#49 [SE]
#50 [SE]
#51 [SE]
#52 [SE]
#53 [SE]
#54 [SE]
#55 [SE]
#56 [SE]
#57 [SE]
#58 [SE]
#59 [SE]
#60 [SE]
#61 [SE]
#62 [SE]
#63 [SE]
#64 [SE]
#65 [SE]
#66 [SE]
#67 [SE]
#68 [SE]
#69 [SE]
#70 [SE]
#71 [SE]
#72 [SE]
#73 [SE]
#74 [SE]
#75 [SE]
#76 [SE]
#77 [SE]
#78 [SE]
#79 [SE]
#80 [SE]
#81 [SE]
#82 [SE]
#83 [SE]
#84 [SE]
#85 [SE]
#86 [SE]
#87 [SE]
#88 [SE]
#89 [SE]
#90 [SE]
#91 [SE]
#92 [SE]
#93 [SE]
#95 [voice] がんばってね（クレジット）
#96 [SE]
#97 [SE]
#98 [SE]
#99 [SE]
#100 [SE]
#101 [SE]
#102 [SE]
#103 [SE]
#104 [SE]
#105 [SE]
#106 [SE]
#107 [SE]
#108 [voice] キャインッ！
#109 [SE]
#110 [SE]
#111 [SE]
#113 [SE]
#114 [voice] ギュオオオォォーー・・・
#115 [SE]
#116 [SE]
#117 [SE]
$end
