$name=sf2
$default=22
$songmax=139
$main

#22 タイトルデモ
#32 [SE] クレジット
#14 プレイヤーセレクト <0:35>
#61 [SE] Plane <0:02>
#87 [voice] Japan <0:01>
#15 V.S.画面 <0:04>
#95 [voice] Round <0:01>
#96 [voice] 1 <0:01>
#86 [voice] Fight <0:01>
#01 日本　（リュウ）　Ⅰ <1:37>
#121 日本　（リュウ）　Ⅱ <0:28>
#82 [voice] You <0:01>
#83 [voice] Win <0:01>
#16 ステージ終了
#03 ブラジル　（ブランカ）　Ⅰ <1:49>
#123 ブラジル　（ブランカ）　Ⅱ <0:28>
#05 アメリカ　（ガイル）　Ⅰ <2:11>
#124 アメリカ　（ガイル）　Ⅱ <0:56>
#06 中国　（春麗）　Ⅰ <1:47>
#126 中国　（春麗）　Ⅱ <0:31>
#13 ボーナスステージ <0:33>
#21 途中参加ファンファーレ <0:02>
#02 日本　（E.本田）　Ⅰ <2:05>
#122 日本　（E.本田）　Ⅱ <0:33>
#04 アメリカ　（ケン）　Ⅰ <2:04>
#125 アメリカ　（ケン）　Ⅱ <0:43>
#07 ソビエト　（ザンギエフ）　Ⅰ <1:41>
#127 ソビエト　（ザンギエフ）　Ⅱ <0:30>
#08 インド　（ダルシム）　Ⅰ <1:18>
#128 インド　（ダルシム）　Ⅱ <0:51>
#09 アメリカ　（M.バイソン）　Ⅰ <1:44>
#129 アメリカ　（M.バイソン）　Ⅱ <0:31>
#10 スペイン　（バルログ）　Ⅰ <1:47>
#130 スペイン　（バルログ）　Ⅱ <0:48>
#11 タイ　（サガット）　Ⅰ <1:18>
#131 タイ　（サガット）　Ⅱ <0:27>
#12 タイ　（ベガ）　Ⅰ <2:01>
#132 タイ　（ベガ）　Ⅱ <0:56>
#24 エンディング　（リュウ）
#26 エンディング　（ブランカ） <0:37>
#27 エンディング　（ガイル）<0:56>
#29 エンディング　（春麗）　Ⅰ <0:25>
#53 エンディング　（春麗）　Ⅱ <1:22>
#25 エンディング　（E.本田） <0:55>
#28 エンディング　（ケン）　Ⅰ <0:33>
#52 エンディング　（ケン）　Ⅱ <1:12>
//原曲　Wedding March (Mendelssohn)
#30 エンディング　（ザンギエフ） <0:28>
#31 エンディング　（ダルシム）
#17 コンティニュー <0:28>
#19 ゲームオーバー
#20 ランキングディスプレイ

------------------------------------------------------
 [SE]

#82 [voice] You
#83 [voice] Win
#84 [voice] Lose
#85 [voice] Perfect
#86 [voice] Fight
#87 [voice] Japan
#88 [voice] Brazil
#89 [voice] U.S.A.
#90 [voice] China
#91 [voice] U.S.S.R.
#92 [voice] India
#93 [voice] Spain
#94 [voice] Thailand
#95 [voice] Round
#96 [voice] 1
#97 [voice] 2
#98 [voice] 3
#99 [voice] 4
#100 [voice] 5
#101 [voice] 6
#102 [voice] 7
#103 [voice] 8
#104 [voice] 9
#105 [voice] Final
#106 [voice] 「昇龍拳」
#107 [voice] 「竜巻旋風脚」
#108 [voice] 「どすこい」
#109 [voice] ブランカの遠吠え
#110 [voice] 「ファイアー」
#111 [voice] 「フレイム」
#112 [voice] 「ソニックブーム」
#113 [SE] 防御（１）
#114 [SE] 防御（２）
#115 [voice] 「スピニングバードキック」
#116 [voice] 「波動拳」
#117 [voice] バルログの声
#118 [voice] 「タイガー」
#119 [voice] 「アッパーカット」

------------------------------------------------------
■出典
   STREET FIGHTER Ⅱ -G.S.M. CAPCOM 4- / ALFH LYRA
   SCITRON PCCB-00056  1991.3.21
------------------------------------------------------

以下サントラ未収録

#18 未使用曲
#64 [voice] 「ウッ…」（未使用？）
#66 [voice] 「ハッ…クク…」（未使用？）
#67 [voice] 「ウウワアァ…」
#69 [voice] 「アアアァーー…」
#70 [voice] 「エイッ！」
#71 [voice] 「フヮァッ！」
#72 [voice] 「ヤッ！」
#74 [voice] 「ワッハッハッハッハッ…」
#76 [voice] 「ハハハハハハ…」
#77 [voice] バルログの声２
#79 [voice] 「やったー！」
#80 [voice] 歓声１（未使用）
#81 [voice] 歓声２（未使用）
#133 [voice] 「ヨガ」
#33 [SE]
#34 [SE]
#35 [SE]
#36 [SE]
#37 [SE]
#38 [SE]
#39 [SE]
#40 [SE]
#41 [SE]
#42 [SE]
#43 [SE]
#44 [SE]
#45 [SE]
#46 [SE]
#47 [SE]
#49 [SE]
#50 [SE]
#51 [SE]
#54 [SE]
#55 [SE]
#56 [SE]
#57 [SE]
#59 [SE]
#60 [SE]
#61 [SE]
#62 [SE]
#134 [SE]
#135 [SE]
#136 [SE]
#137 [SE]
#138 [SE]
#139 [SE]

// リスト作成：NKさん
$end

