$name=slammast
$default=32
$songmax=500
$main

#32 TITLE
#53 GAME SELECT <0:30>
#52 PLAYER SELECT <0:30>
#61 PLAYER 決定
#54 VS
#33 TOKYO (STAGE 1) <1:54>
#34 MOSCOW (STAGE 2) <2:01>
#35 HANOVER (STAGE 3) <2:33>
#36 LONDON (STAGE 4)　<2:33>
#37 NEWYORK (STAGE 5) <1:50>
#60 勝敗
#55 途中参加
#56 途中参加 PLAYER SELECT <0:32>
#38 CALGARY (STAGE 6) <2:26>
#39 LOS ANGELES (STAGE 7) <2:15>
#40 MEXICO (STAGE 8) <1:27>
#41 SYDNEY (STAGE 9) <2:14>
#42 THEME OF ZALAZOF <2:13>
#43 THEME OF COLT <1:55>
#44 THEME OF STINGER <2:03>
#45 THEME OF TITAN <2:13>
#46 THEME OF BUDO <2:43>
#47 THEME OF HAGGAR <1:39>
#48 THEME OF GOMES <1:56>
#49 THEME OF SHEEP <2:10>
#50 THEME OF KIMARA <1:05>
#51 THEME OF ASTORO <2:05>
#62 ENDING (1周目) <0:40>
#63 ENDING (2周目) <0:40>
#27 STAFF ROLL (1COIN) <1:09>
#58 CONTINUE <0:57>
#59 GAME OVER
#57 RANKING

------------------------------------------------------
  [voice]

#74 [voice] TOKYO
#75 [voice] MOSCOW
#76 [voice] HANOVER
#77 [voice] LONDON
#78 [voice] NEWYORK
#79 [voice] CALGARY
#80 [voice] LOS ANGELES
#81 [voice] MEXICO
#82 [voice] SYDNEY
#83 [voice] YOU
#84 [voice] WIN
#85 [voice] LOSE
#86 [voice] PERFECT
#87 [voice] FALL
#88 [voice] FIGHT
#89 [voice] GIVE UP
#90 [voice] RING OUT
#297 [voice] DRAW GAME
#298 [voice] JUDGEMENT
#299 [voice] TIE BREAK
#316 [voice] (?)
#489 [voice] DOUBLE COUNT DOWN (?)
#317 [voice] DOUBLE RING OUT
#318 [voice] NO CONTEST
#320 [voice] PIN
#321 [voice] エントリー受付中です
#91 [voice] 1
#92 [voice] 2
#93 [voice] 3
#94 [voice] 4
#95 [voice] 5
#96 [voice] 6
#97 [voice] 7
#98 [voice] 8
#99 [voice] 9
#100 [voice] 10
#101 [voice] 11
#102 [voice] 12
#103 [voice] 13
#104 [voice] 14
#105 [voice] 15
#106 [voice] 16
#107 [voice] 17
#108 [voice] 18
#109 [voice] 19
#110 [voice] 20
#111 [voice] 1!
#112 [voice] 2!
#113 [voice] 3!
#300 [voice] 1!
#301 [voice] 2!
#302 [voice] 3!
#303 [voice] FALL
#490 [voice] PIN
#491 [voice] 1!
#492 [voice] 2!
#493 [voice] 3!
#65 [voice] ウオォォォ・・・
#69 [voice] ウオォァァ・・・
#72 [voice] キッキーー！
#73 [voice] ゥキィーー！
#114 [voice] ハァッ！
#118 [voice] ハイィィッ！
#122 [voice] ヌェィッ！
#126 [voice] ホァッ！
#130 [voice] オオォォーーリャ！
#134 [voice] フッ！
#138 [voice] アアッ！
#142 [voice] ゥアッ！
#146 [voice] ベロベロベロベロェェーッ！
#150 [voice] ゥアアッ・・！
#154 [voice] フウッ！
#322 [voice] ダーリーン！
#324 [voice] ウガアアァァッ・・！
#326 [voice] ウッソォーッ・・
#328 [voice] ヤアァァーッ！
#330 [voice] ヒョオウゥーーッ！
#332 [voice] オゥレッ！
#334 [voice] ヌゥンッ！
#336 [voice] ウァゥッ・・！
#338 [voice] シャッ！
#340 [voice] ヤッフォゥッ！
#342 [voice] フゥッ・・！
#344 [voice] ンゲェッ・・！
#346 [voice] ハァイッ！
#348 [voice] カモォォーン！
#350 [voice] ノォッ・・！
#352 [voice] グォッ・・！
#354 [voice] グァァーーッ・・！
#356 [voice] グワァァッ・・！
#358 [voice] ホォォーーッ！
#360 [voice] ハァッ！
#362 [voice] ハッ！
#364 [voice] ヨォォォーーーーッ！
#366 [voice] ゥウオォォ・・・！
#368 [voice] アゥォォッ・・！
#370 [voice] ッシャッ・・！
#372 [voice] シャァッ！
#374 [voice] ゥリャッ！
#376 [voice] グオォ・・！
#378 [voice] グッ・・！
#382 [voice] ッツグォォッ！
#384 [voice] ングァァッ！
#386 [voice] ウガァァーーッ！
#388 [voice] フガァッ！
#390 [voice] フゥンッ！
#392 [voice] ガァッ！
#394 [voice] ゴァァッ！
#396 [voice] ゥンッ！
#398 [voice] ゥワァァ・・・
#400 [voice] グゥァッ・・
#402 [voice] ゥォアッ・・
#404 [voice] フンッ！
#406 [voice] ゥワッハッハッハッ・・
#408 [voice] ゥリャァッ！
#410 [voice] ダァーィッ！
#412 [voice] フゥンッ！
#414 [voice] Eat This !
#416 [voice] オゥラァーーッ！
#418 [voice] ガァァーーッ！
#420 [voice] ゥウウーー・・
#422 [voice] グァッ・・
#424 [voice] グァァ・・・
#426 [voice] オゥッ！
#428 [voice] ウガァーーーッ！
#430 [voice] ギャッ・・
#432 [voice] アーッハッハッハッハッ・・・
#434 [voice] ウキィーーッ！
#436 [voice] ゥガァッ・・
#438 [voice] ボゲェェッ・・・
#440 [voice] ボワァーーッ！
#444 [voice] ゥオオォーー・・・
#446 [voice] オウッ・・
#494 [voice] ュカッタァ・・！

------------------------------------------------------
  [SE]

#00 [SE]
#01 [SE]
#02 [SE]
#03 [SE]
#04 [SE]
#05 [SE]
#06 [SE]
#16 [SE]
#17 [SE]
#18 [SE]
#19 [SE]
#20 [SE]
#21 [SE]
#22 [SE] <0:05>
#23 [SE]
#161 [SE]
#164 [SE]
#168 [SE]
#172 [SE]
#176 [SE]
#180 [SE]
#184 [SE]
#188 [SE]
#192 [SE]
#196 [SE]
#200 [SE]
#204 [SE]
#208 [SE]
#212 [SE]
#216 [SE]
#220 [SE]
#224 [SE]
#228 [SE]
#232 [SE]
#236 [SE]
#240 [SE]
#241 [SE]
#242 [SE]
#243 [SE]
#244 [SE] 歓声１<0:05>
#245 [SE] 歓声２
#246 [SE]
#247 [SE]
#248 [SE]
#252 [SE]
#256 [SE]
#260 [SE]
#264 [SE]
#268 [SE]
#273 [SE] 歓声３<0:05>
#274 [SE] 歓声４
#275 [SE]
#276 [SE]
#280 [SE]
#284 [SE]
#288 [SE]
#292 [SE]
#304 [SE]
#308 [SE]
#312 [SE]
#448 [SE]
#452 [SE]
#456 [SE]
#460 [SE]
#464 [SE]
#468 [SE]
#470 [SE]
#474 [SE]
#478 [SE] <0:05>
#487 [SE]
#488 [SE]
#497 [SE] 歓声５
#498 [SE]
#499 [SE] 歓声６<0:05>
#500 [SE]

------------------------------------------------------
■出典
   -G.S.M. 1500 SERIES- Muscle Bomber / CAPCOM
   SCITRON PCCB-00136  1993.9.17  ALFH LYRA
------------------------------------------------------
$end
