$name=seganinja
$default=179
$main

#179 Credit Inserted <00:03>
#154 Mission 1 BGM <0:35>
#147 Stage Clear <0:03>
#153 Boss BGM <0:30>
#148 Boss Clear BGM <0:04>
#077 [Voice] Welcome to Bonus Stage <0:02>
#149 Bonus Stage BGM <0:13>
#144 Mission 2 BGM <0:46>
#145 Mission 3 BGM <0:48>
#146 Mission 4 BGM <0:46>
#151 Mission 5 BGM <0:36>
#152 Continue / Name Registration <0:29>

---------------------------------------------------
  [SFX]

#160 [SFX] 
#161 [SFX] Hostage freed
#162 [SFX]
#163 [SFX] Dead
#164 [SFX] 
#165 [SFX] 
#166 [SFX] 
#167 [SFX] 
#168 [SFX] 
#169 [SFX] 
#170 [SFX] 
#171 [SFX] 
#172 [SFX] 
#173 [SFX] 
#174 [SFX] 
#175 [SFX] 
#176 [SFX] Boss 1 move
#177 [SFX] 
#178 [SFX] 
#179 [SFX] 
#180 [SFX] 
#181 [SFX] Boss 2 engine <00:05>
#182 [SFX] 
#183 [SFX] 
#184 [SFX] <00:04>
#185 [SFX] 
#186 [SFX] Ninjutsu 1 (multiple)
#187 [SFX] Ninjutsu 2 (tornado)
#188 [SFX] Ninjutsu 3 (lightning)
#189 [SFX] 

---------------------------------------------------
  [Voice]

#066 [Voice] Mission
#068 [Voice] One
#069 [Voice] Two
#070 [Voice] Three
#071 [Voice] Four
#072 [Voice] Five
#079 [Voice] Five
#067 [Voice] Finished

#073 [Voice] 
#074 [Voice] 
#075 [Voice] Hayaaa (ninjutsu) <0:02>
#076 [Voice] aw (hit)
#065 [Voice] 
#078 [Voice] 

---------------------------------------------------

#129 High Tom
#130 Mid Tom
#131 Low Tom
#132 Snare Drum 1
#133 Hihat
#134 Bass Drum
#135 Snare Drum 2
#136 Snaer Drum 1
#137 Snare Drum 2
#138 Wood block
#139 
#140 

  [Source]
  Sega Arcade 80's Vol.1
  SME / Scitron  SCDC-00245  Feb 19, 2003 

// List contribution by ZEK.
$end
