$name=1941
$version=2
$default=150
//$songmax=171
$main

#150 投币 <time="2">
#074 片头 <time="21.56">
#064 第一关 <time="1:47.38">
#066 Boss 1 <time="1:43.8">
#067 关卡结束 <time="8">
#065 第二关 <time="1:27.77">
#072 Boss 2 <time="1:13.1">
#068 第三关 <time="1:32.35">
#073 Boss 3 <time="1:36.9">
#069 第四关 <time="1:51.45">
#077 Boss 4 <time="1:04.2">
#070 第五关 <time="59.3">
#088 Boss 5 <time="1:37.5">
#071 第六关-A <time="56.4">
#066 中 Boss A <time="52.6">
#079 第六关-B <time="1:33.45">
#081 第六关-C <time="1:11.8">
#078 中 Boss B <time="48.5">
#080 第六关-D <time="46.3">
#082 Boss 6-A <time="1:09.2">
#083 Boss 6-B (Last Boss) <time="59.6">
#086 最后关卡结束 Clear <time="7">
#075 结尾 <time="1:43">
#087 显示制作人员列表 <time="52">
#085 排名 <time="48.9">
#084 继续? <time="24.7">
#076 游戏结束 <time="4.5">
#089 未使用 <time="1:16.95">

-----------------------------------------------------------
  [音效]

#096 [音效]
#097 [音效]
#098 [音效]
#099 [音效]
#100 [音效]
#101 [音效]
#102 [音效]
#103 [音效]
#104 [音效]
#105 [音效]
#106 [音效]
#107 [音效]
#109 [音效]
#110 [音效]
#111 [音效] <time="3">
#112 [音效]
#113 [音效]
#114 [音效]
#115 [音效]
#116 [音效]
#117 [音效]
#118 [音效]
#119 [音效]
#120 [音效] <time="3">
#121 [音效]
#122 [音效]
#123 [音效]
#124 [音效]
#125 [音效]
#126 [音效]
#128 [音效]
#129 [音效]
#130 [音效]
#131 [音效]
#132 [音效]
#133 [音效]
#134 [音效]
#135 [音效]
#136 [音效]
#137 [音效]
#138 [音效]
#139 [音效]
#140 [音效]
#141 [音效]
#142 [音效]
#143 [音效]
#144 [音效]
#145 [音效]
#146 [音效]
#147 [音效]
#148 [音效]
#149 [音效]
#150 [音效] 投币
#151 [音效]
#152 [音效]
#153 [音效]
#154 [音效]
#155 [音效]
#156 [音效]
#157 [音效]
#158 [音效]
#159 [音效]
#160 [音效]
#161 [音效]
#162 [音效]
#163 [音效]
#164 [音效]
#165 [音效]
#166 [音效]
#167 [音效]
#168 [音效]
#169 [音效]
#170 [音效]
#171 [音效]

  ■出品
  Final Fight -G.S.M. Capcom 3- / Alfh Lyra Wa Lyra
  Pony Canyon / Scitron  PCCB-00030  May 21, 1990

  ■中文列表编辑
  Soar1229
  http://www.chinaemu.cn

$end