$name=1943kai
$version=2
$default=18
$main

#018 投币 <time="1.5">
#032 对空战 A (回合 1, 5, 10) <time="57.4">
#035 对舰战 A (回合 1-加贺, 5-伊势) <time="42.1">
#045 亚也虎 I (回合 2) <time="52.1">
#039 作战成功 I (击破率表示 1) <time="9">
#042 补给 (计算额外加分) <time="10">
#033 对空战 B (回合 2, 8) <time="2:17.09">
#036 对舰战 B (未使用曲) <time="50.6">
#041 作战失败 (击破率表示 2) <time="7">
#034 对空战 C (回合 3, 6, 7, 9) <time="2:04.9">
#037 对舰战 C (回合 3-山城, 7-赤城, 8-飞龙, 9-长门) <time="1:35.7">
#046 亚也虎 II (回合 6) <time="42.6">
#040 作战成功 II (击破率表示 3) <time="9">
#052 对空战 D (回合 4) <time="1:36.9">
#048 大飞龙 (回合 4) <time="1:04.77">
#047 最后的亚也虎 (回合 8) <time="53.2">
#049 大和 (回合 10) <time="1:29.2">
#051 最终任务完成 <time="36">
#050 美国国歌 (星条旗永不落) <time="25">
#044 工作人员名单 <time="56.6">
#020 继续? <time="14">
#000 [指令] 停止音乐 <time="1">
#043 游戏结束 <time="7">

-----------------------------------------------------------
 [音效]

#001 [音效]
#002 [音效]
#003 [音效]
#004 [音效]
#005 [音效]
#006 [音效]
#007 [音效]
#008 [音效]
#009 [音效]
#010 [音效]
#011 [音效]
#012 [音效]
#013 [音效]
#014 [音效]
#015 [音效]
#016 [音效]
#017 [音效]
#018 [音效]
#019 [音效]
#021 [音效]
#022 [音效]
#023 [音效]
#024 [音效]
#025 [音效]
#026 [音效]
#027 [音效]
#028 [音效]
#029 [音效]
#030 [音效]

  ■出品
  大魔界村 -G.S.M. Capcom 1- / Alfh Lyra Wa Lyra
  Pony Canyon / Scitron  D28B0011  Jan 11, 1989

  Suleputer Trial
  Suleputer  CFCP-0001  May 31, 1998

  ■信息
  1943改 - 中途岛海战

  ■中文列表编辑
  Soar1229
  http://www.chinaemu.cn

$end
