$name=1943
$version=2
$default=018
//$songmax=050
$main

#018 投币 <time="1.5">
#032 对空战 A (回合 1, 2, 7, 10, 13, 16) <time="1:28.9">
#033 对舰战 A (回合 1-利根, 2-加贺, 7-伊势, 10-陆奥, 13-苍龙) <time="1:30.2">
#042 亚也虎 (回合 3, 9) <time="54.9">
#043 作战成功 I (击破率表示 1) <time="8">
#039 补给 (计算额外加分) <time="10.5">
#034 对空战 B (回合 3, 4, 8, 14) <time="1:17.4">
#035 对舰战 B (回合 4-扶桑, 8-飞龙) <time="1:27.3">
#045 作战失败 (击破率表示 2)  <time="8">
#036 对空战 C (回合 5, 9, 12, 15) <time="1:27">
#037 对舰战 C (回合 5-赤城, 12-山城, 15-长门, 16-大和) <time="1:43.1">
#041 大飞龙 (回合 6, 11) <time="1:01.5">
#044 作战成功 II (击破率表示 3) <time="8.5">
#048 对空战 D (回合 6, 11) <time="1:37.8">
#049 最后的亚也虎 (回合 14) <time="49.3">
#040 最终任务完成 <time="53">
#050 美国国歌 (星条旗永不落)<time="24">
#047 显示制作人员列表 <time="48">
#020 继续? <time="13">
#000 [指令] 停止音乐 <time="1">
#046 游戏结束 <time="8">

-----------------------------------------------------------
 [音效]

#001 [音效]
#002 [音效]
#003 [音效]
#004 [音效]
#005 [音效]
#006 [音效]
#007 [音效]
#008 [音效]
#009 [音效]
#010 [音效]
#011 [音效]
#012 [音效]
#013 [音效]
#014 [音效]
#015 [音效]
#016 [音效]
#017 [音效]
#018 [音效]
#019 [音效]
#021 [音效]
#022 [音效]
#023 [音效]
#024 [音效]
#025 [音效]
#026 [音效]
#027 [音效]
#028 [音效]
#029 [音效]
#030 [音效]

  ■出品
  Capcom Game Music Vol.3
  Alfa Records  28XA-204  Apr 20, 1988

  Capcom Game Music Vol.3 (Legend Series)
  SME / Scitron  SCDC-00198  Jul 24, 2002

  ■中文列表编辑
  Soar1229
  http://www.chinaemu.cn

$end
