$name=3wonders
$version=2
$default=096
//$songmax=240
$main

#096 投币 <time="0:02">
#230 游戏选择画面 <time="0:14">
#204 决定 <time="0:01.2">
#240 [指令:音效停止] <time="0:01">

　ROOSTERS ～寻找chariotto～
#156 标题 <time="0:02">
#047 开头 演示 <time="1:13">
#032 关卡 1-1 (森之国) <time="2:04">
#033 中头目 (WOOD GOLEM) <time="1:12">
#034 关卡 1-2 (洞窟) <time="1:32">
#035 BALGOSS 介绍 <time="0:24.5">
#036 头目 (BALGOSS) <time="1:11">
#048 关卡结束 
#037 STAGE 2 (水之国) <time="1:15">
#038 头目 (LARU) <time="1:32">
#039 关卡 3 (玩具之国) <time="1:43.5">
#040 中头目 (DUMPTY) <time="0:52.5">
#041 头目 (DOUGAR) <time="2:04">
#042 关卡 4 (妖魔城入口) <time="2:18">
#043 头目 (MOEBAN) <time="1:18">
#044 关卡 5 (妖魔城) <time="1:35">
#045 最终头目 (GAIA) <time="0:59">
#050 结局～工作人员名单 <time="3:28">
#046 游戏结束

　双轮战车 ～往天空的旅行～
#154 标题 <time="0:02">
#192 开头 演示 <time="1:18">
#053 关卡 1 (大气圈) <time="2:30">
#052 中头目 (宿敌3兄弟的主题曲) <time="0:36.7">
#058 头目 (Aiolos) <time="0:41">
#194 关卡结束
#054 关卡 2 (月之世界) <time="1:41">
#059 头目 (Hyupunosu) <time="0:41">
#055 关卡 3 (宇宙空间) <time="1:34">
#060 头目 (Gemini) <time="0:32">
#056 关卡 4 (小惑星) <time="2:05">
#061 头目 (Cancer) <time="0:51">
#057 关卡 5 (小行星地带) <time="1:00">
#200 头目 (Sajitariusu) <time="0:43.5">
#228 关卡 6 (妖魔拉之城) <time="1:37">
#043 头目 (Arukasaru) <time="1:18">
#229 关卡 7 (暗之世界) <time="0:32">
#196 最终头目 (妖魔拉) <time="1:01">
#051 结局～工作人员名 <time="2:22">
#199 游戏结束
#198 关卡1 反覆 - (1) <time="0:07.7">
#199 关卡1 反覆 - (2)

　Dongpull
#155 标题 <time="0:02">
#123 开始
#064 音效 A <time="1:08">
#065 音效 B <time="1:02">
#066 音效 C <time="0:56">
#067 音效 D <time="0:49">
#098 中途参加的音效 <time="0:03">
#121 格外危险! <time="0:06">
#097 逃跑 <time="0:12">
#126 通关
#122 中场休息(1) <time="0:04.4">
#122 中场休息(2) <time="0:02.2">
#102 中场休息(3)
#117 3个方块排列 (1) <time="0:04">
#069 3个方块排列 (2)
#083 事件 1 (TROIKA)
//原曲 TROIKA
#084 事件 2 (南国)
#085 事件 3 (Turkey)
//原曲 William Tell Overture
#086 事件 4 (MIME MIME)
//原曲 MIME MIME
#087 事件 5 (Indian)
//原曲 Ten Little Indians
#088 事件 6 (R&R)
#089 事件 7 (Tequila)
#090 事件 8 (扫除)
//原曲 Turkischer Marsch
#125 游戏通关
#116 结局 <time="1:24">
#115 继续 <time="0:37">
#062 游戏结束

-----------------------------------------------------------
[语音]

#022 [语音]
#224 [语音]
#225 [语音]
#195 [语音]
#197 [语音]
#100 [语音]
#101 [语音]

-----------------------------------------------------------
[音效]

#000 [音效]
#001 [音效]
#002 [音效]
#003 [音效]
#004 [音效]
#005 [音效]
#006 [音效]
#007 [音效]
#008 [音效]
#009 [音效]
#010 [音效]
#011 [音效]
#012 [音效]
#013 [音效]
#014 [音效]
#015 [音效]
#016 [音效]
#017 [音效]
#018 [音效]
#019 [音效]
#021 [音效]
#024 [音效]
#025 [音效]
#026 [音效]
#027 [音效]
#028 [音效]
#029 [音效]
#030 [音效]
#031 [音效]
#063 [音效]
#070 [音效]
#071 [音效]
#072 [音效]
#073 [音效]
#074 [音效]
#076 [音效]
#077 [音效]
#079 [音效]
#080 [音效]
#081 [音效]
#082 [音效]
#091 [音效]
#092 [音效]
#093 [音效]
#094 [音效]
#095 [音效]
#096 [音效]
#099 [音效]
#103 [音效]
#104 [音效]
#105 [音效]
#107 [音效]
#108 [音效]
#109 [音效]
#110 [音效]
#111 [音效]
#112 [音效]
#113 [音效]
#114 [音效]
#118 [音效]
#120 [音效]
#124 [音效]
#127 [音效]
#128 [音效]
#129 [音效]
#130 [音效]
#131 [音效]
#133 [音效]
#134 [音效]
#135 [音效]
#136 [音效]
#137 [音效]
#138 [音效]
#139 [音效]
#140 [音效]
#141 [音效]
#142 [音效]
#143 [音效]
#144 [音效]
#145 [音效]
#146 [音效]
#147 [音效]
#148 [音效]
#149 [音效]
#150 [音效]
#151 [音效]
#152 [音效]
#153 [音效]
#157 [音效] <time="0:05">
#159 [音效]
#160 [音效]
#161 [音效]
#162 [音效]
#163 [音效]
#165 [音效]
#166 [音效]
#167 [音效]
#168 [音效]
#169 [音效]
#170 [音效]
#171 [音效]
#172 [音效]
#173 [音效]
#174 [音效]
#175 [音效]
#176 [音效]
#177 [音效]
#178 [音效]
#179 [音效]
#180 [音效]
#181 [音效]
#182 [音效]
#183 [音效]
#184 [音效]
#185 [音效]
#186 [音效]
#187 [音效]
#188 [音效]
#189 [音效]
#191 [音效]
#193 [音效]
#201 [音效]
#202 [音效]
#205 [音效]
#206 [音效]
#207 [音效]
#208 [音效]
#209 [音效]
#210 [音效]
#211 [音效]
#212 [音效]
#213 [音效]
#214 [音效]
#215 [音效]
#216 [音效]
#217 [音效]
#218 [音效]
#219 [音效]
#220 [音效]
#221 [音效]
#222 [音效]
#223 [音效]
#231 [音效]
#232 [音效]
#233 [音效]
#234 [音效]
#235 [音效]
#236 [音效]
#237 [音效]
#238 [音效]
#239 [音效]

  ■出典
  CAPTAIN COMMANDO -G.S.M. CAPCOM 5- / ALFH LYRA
  PONY CANYON / SCITRON 　PCCB-00083 　1992.03.21

  ■中文列表编辑
  Sayuri
  http://www.chinaemu.cn

$end