$name=captcomm
$version=2
$default= 192
$songmax= 192
$main

#192 投币 <time="3">
#128 开始游戏 <time="7">
#142 游戏人物选择 <time="18">
#129 关卡 1 (大都市) <time="1:54">
#147 头目 1 (Dolg) <time="27">
#130 关卡 2 (博物馆) <time="1:54">
#148 头目 2 (Shtrom Jr.) <time="1:05">
#131 关卡 3 (忍者之屋) <time="1:56">
#149 头目 3 (日本人) <time="28">
#132 关卡 4-1 (马戏团) <time="1:36">
#156 关卡 4-2 (大剧场) <time="22">
#150 头目 4 (妖怪) <time="1:42">
#133 关卡 5 (港口) <time="2:03">
#151 头目 5 (Dr. T.Water) <time="42">
#134 关卡 6 (玻璃甬道) <time="2:08">
#152 头目 6 (Shtrom & Druk) <time="25">
#135 关卡 7 (地下基地) <time="1:55">
#153 头目 (血液) <time="1:30">
#136 关卡 8 (敌舰) <time="2:06">
#154 头目 8 (Doppelganger) <time="1:23">
#137 关卡 9 (木卫四) <time="1:36">
#155 最终战场 <time="47">
#157 最终头目 (屠杀) <time="44">
#138 任务完成
#143 结束 <time="20">
#158 制作人员列表 <time="1:30">
#139 继续 <time="21">
#140 游戏结束 <time="8">
#141 输入姓名 <time="21">

-----------------------------------------------------------
  [语音]

#062 [语音]
#033 [语音]
#087 [语音]
#078 [语音]
#097 [语音] 
#085 [语音] 
#098 [语音] 
#012 [语音]
#013 [语音]
#014 [语音]
#015 [语音]
#042 [语音]
#043 [语音]
#067 [语音]
#071 [语音]
#072 [语音]
#073 [语音]
#075 [语音]
#076 [语音]
#077 [语音]
#081 [语音]
#083 [语音]
#084 [语音]
#086 [语音]
#088 [语音]
#091 [语音]
#092 [语音]
#096 [语音]
#100 [语音]
#104 [语音]
#105 [语音]
#032 [语音] 
#082 [语音] 

-----------------------------------------------------------
  [音效]

#000 [音效]
#001 [音效]
#002 [音效]
#003 [音效]
#004 [音效]
#005 [音效]
#006 [音效]
#007 [音效]
#008 [音效]
#009 [音效]
#010 [音效]
#011 [音效]
#016 [音效]
#017 [音效]
#018 [音效]
#019 [音效]
#020 [音效]
#021 [音效]
#022 [音效]
#023 [音效]
#024 [音效]
#025 [音效]
#026 [音效]
#027 [音效]
#028 [音效]
#029 [音效]
#030 [音效]
#031 [音效]
#034 [音效]
#035 [音效]
#036 [音效]
#037 [音效]
#038 [音效]
#039 [音效]
#040 [音效]
#041 [音效]
#044 [音效]
#045 [音效]
#050 [音效]
#051 [音效]
#052 [音效]
#053 [音效]
#054 [音效]
#055 [音效]
#056 [音效]
#057 [音效]
#058 [音效]
#059 [音效]
#060 [音效]
#061 [音效]
#063 [音效]
#066 [音效]
#068 [音效]
#069 [音效]
#070 [音效]
#074 [音效]
#079 [音效]
#080 [音效]
#090 [音效]
#093 [音效]
#094 [音效]
#095 [音效]
#099 [音效]
#101 [音效]
#102 [音效]
#103 [音效]
#106 [音效]
#107 [音效]
#108 [音效]
#144 [音效]
#145 [音效]
#146 [音效]
#159 [音效]
#089 [音效]

  ■出品
  Captain Commando -G.S.M. Capcom 5- / Alfh Lyla
  Pony Canyon / Scitron  PCCB-00083  Mar 21, 1992

  ■信息
  名将

  ■列表编辑
  冷血
  http://www.chinaemu.cn

$end
