$name=contra
$default=$4d
$songmax=$4d
$main

$4d 魂斗罗 (片头) <0:12>
$40 丛林之战 (主场景) <2:13>
$44 迷宫要塞 1 (3D 场景) <1:34>
$47 迷宫要塞 2 (3D BOSS 场景) <1:18>
$4b 凯旋 2 (关卡胜利 1) <0:07>
$42 血之丛林 (丛林场景) <1:27>
$46 冰原要塞 (雪地场景) <1:18.7>
$43 烈火要塞 (敌军基地) <2:11>
$48 战栗脉搏 (最终决战) <1:19>
$4c 凯旋 2 (关卡胜利 2) <0:11>
$49 结尾 <0:48>
$4a 游戏结束 <0:07>
$45 排名 <0:46>


----------------------------------------------------------------------------
 音效

$02 [音效]
$03 [音效]
$04 [音效]
$05 [音效]
$06 [音效]
$07 [音效]
$08 [音效]
$09 [音效]
$0a [音效]
$0b [音效]
$0c [音效]
$0d [音效]
$0e [音效]
$0f [音效]
$10 [音效]
$11 [音效]
$12 [音效] 蓄币
$13 [音效]
$14 [音效]
$15 [音效]
$16 [音效]
$17 [音效]
$18 [音效]
$19 [音效]
$1a [音效]
$1b [音效]
$1c [音效]
$1d [音效]
$1e [音效]
$1f [音效]
$20 [音效]
$21 [音效]
$22 [音效]
$23 [音效]
$24 [音效]
$25 [音效]
$26 [音效]
$27 [音效]
$28 [音效]
$29 [音效]
$2a [音效]
$2b [音效]
$2c [音效]
$2d [音效]
$2e [音效]
$2f [音效]
$30 [音效]
$31 [音效]
$32 [音效]
$33 [音效]
$34 [音效]
$35 [音效]
$36 [音效]
$37 [音效]
$38 [音效]
$39 [音效]
$3a [音效]
$3b [音效]


■出品
  魂斗罗 (美版)
  A-JAX / KONAMI 游戏音乐 Vol.4
  ALFA  28XA-201  1988-3-10

■列表编辑
  MAME E2J
　Diablo_Hu
  http://www.e2j.net
　http://www.emucn.net
　http://loseemu.126.com


$end