$name=ddsom
$version=2
$default=001
//$fixed_volume=403
$main

#001 号角吹响 (投币)
#078 [语音] 欢迎来到龙与地下城的世界 (投币)
#076 [语音] 龙与地下城 (开始)
#002 选择之时 (人物选择)
#042 开场白 (第一关)
#008 离开 (第一关)
#003 冒险之书(第二关)
#014 Trintan村的战斗 (第二关, 5-A)
#032 灾祸之始
#004 哭泣的战争
#043 命运 (演示 1)
#017 进入Vesuvia河 (第三关-B)
#019 惊奇的攻击 (第三关-B, 演示 3)
#020 主题--小妖 (第三关-B)
#012 千钧一发 (第三关-B)
#013 Jaggernaut--笨重的战车 (第三关-A)
#038 发泄
#009 暗精灵之战 (第四关)
#036 强大的敌人--Tel'Arin (第四关)
#045 命运之链--Tel'Eleron (第四关, 10)
#026 Tranquillity (第四关, 演示3)
#021 深渊睡眠之物 (第五关-B)
#011 死亡与财宝(安全之室)
#034 黑暗中的双眼 (第十关)
#039 外部天空下的人们 (第四关)
#015 木桥 (第五关 -C, 第八关-B)
#022 黑暗统治者之战 (演示 2, 第七关)
#010 艰难的监狱之战 (第六关, 第十关)
#023 森林之使 (第八关-A)
#024 森林中的错觉 (第八关-A)
#027 逾越节 (第八关-B)
#040 健康之声
#025 谜之石 (第四关, 演示3)
#028 失落的世界(第九关A, 9-B, 9-C)
#049 Palatium之翼  (演示4, 第十关)
#016 漩涡中战斗 (第十关)
#006 梦魇之真相 (第六关, 第十关)
#035 致命袭击 (第六关, 演示 3, 第十关)
#051 Epiloge (第十关)
#005 祝福我

#058 QSound 标志 (注意)
#059 QSound 标志 (替代)


#061 [音效] 
#062 [音效] <时间="4">
#063 [音效] 
#077 [音效] 
#095 [音效] 
#125 [音效] 
#138 [音效] 
#140 [音效] <时间="4">
#141 [音效]  
#142 [音效] 
#143 [音效] <时间="6">
#144 [音效] <时间="6">
#145 [音效] 
#146 [音效] 
#147 [音效] 
#148 [音效] 
#149 [音效] 
#150 [音效] 
#151 [音效] 
#153 [音效] 
#154 [音效] <时间="6"> 
#156 [音效] 
#158 [音效] 
#159 [音效]
#170 [音效] 
#248 [音效] <时间="4">
#252 [音效] 
#254 [音效] 
#255 [音效] 
#256 [音效] 
#257 [音效] 
#258 [音效] 
#258 [音效] 
#260 [音效] 
#261 [音效] 
#262 [音效] 
#263 [音效] 
#264 [音效] 
#265 [音效] 
#266 [音效] 
#267 [音效] 
#268 [音效] 
#269 [音效] 
#270 [音效] 
#271 [音效] 
#272 [音效] 
#273 [音效] 
#274 [音效] 
#275 [音效] 
#276 [音效] 
#277 [音效] 
#278 [音效] 
#279 [音效] 
#280 [音效] 
#281 [音效] 
#282 [音效] 
#283 [音效] 
#284 [音效] 
#285 [音效] 
#286 [音效] 
#287 [音效] 
#288 [音效] 
#289 [音效] 
#290 [音效] 
#291 [音效] 
#292 [音效] 
#293 [音效] 
#294 [音效] 
#295 [音效] 
#296 [音效] 
#297 [音效] 
#298 [音效] 
#299 [音效] 
#300 [音效] 
#301 [音效] 
#302 [音效] 
#303 [音效] 
#304 [音效] 
#305 [音效] 
#306 [音效] 
#307 [音效] 
#308 [音效] 
#309 [音效] 
#310 [音效] 
#311 [音效] 
#312 [音效] 
#313 [音效] 
#314 [音效] 
#315 [音效] 
#316 [音效] 
#317 [音效] 
#318 [音效] 
#319 [音效] 
#320 [音效] 
#321 [音效] 
#322 [音效] 
#323 [音效] 
#324 [音效] 
#325 [音效] 
#326 [音效] 
#327 [音效] 
#328 [音效] 
#329 [音效] 
#330 [音效] 
#331 [音效] 
#332 [音效] 
#333 [音效] 
#334 [音效] 
#335 [音效] 
#352 [音效] 
#353 [音效] 
#354 [音效] 
#355 [音效] 
#356 [音效] 
#357 [音效] 
#358 [音效] 
#359 [音效] 
#360 [音效] 
#361 [音效] 
#362 [音效] 
#363 [音效] 
#364 [音效] 
#366 [音效] 
#367 [音效] 
#368 [音效] 
#369 [音效] 
#370 [音效] 
#371 [音效] 
#372 [音效] 
#373 [音效] 
#374 [音效] 
#375 [音效] 
#376 [音效] 
#377 [音效] 
#378 [音效] 
#379 [音效] 
#380 [音效] 
#381 [音效] 
#382 [音效] 
#383 [音效] 
#384 [音效] 
#385 [音效] 
#386 [音效] 
#387 [音效] 
#388 [音效] 
#389 [音效] 
#390 [音效] 
#391 [音效] 
#392 [音效] <时间="4">
#393 [音效] 
#394 [音效] 
#395 [音效] 
#396 [音效] 
#397 [音效] 
#398 [音效] 
#399 [音效] 
#400 [音效] 
#401 [音效] 
#402 [音效] 
#403 [音效] 
#405 [音效] 
#406 [音效] 


#060 [语音] 
#064 [语音] 
#065 [语音] 欢迎!
#066 [语音] 救命!
#067 [语音] (男性) 感谢你
#068 [语音] (小孩子) 救命!
#069 [语音] (成人) 救命!
#070 [语音] (老人) 救命!
#071 [语音] (女性) 救命!
#072 [语音] (女性) 欢迎
#073 [语音] (男性) 欢迎
#074 [语音] (女性 2) 欢迎
#075 [语音] (女性) 感谢你
#076 [语音] 龙与地下城
#078 [语音] 欢迎来到龙与地下城的世界
#080 [语音] (传教士) Hold Persons
#081 [语音] (传教士) Continual Light
#082 [语音] (传教士) Striking
#083 [语音] (传教士) Cure Serious Wounds
#084 [语音] (传教士) Stick to Snakes
#085 [语音] (传教士) Cure Critical Wounds
#086 [语音] (传教士) Bless
#087 [语音] (传教士) Insect Plague
#088 [语音] (传教士) Holy Word
#089 [语音] (传教士) Earthquake
#090 [语音] 
#091 [语音] 
#092 [语音] 
#093 [语音] 
#094 [语音] 
#096 [语音] (精灵) Magic Missle
#097 [语音] (精灵) Fireball
#098 [语音] (精灵) Lightning Bolt
#099 [语音] (精灵) Icestorm
#100 [语音] (精灵) Invisibility
#101 [语音] (精灵) Haste
#102 [语音] (精灵) Polymorph Others
#103 [语音] (精灵) Conjure Elemental
#104 [语音] (巫妖) 
#105 [语音] (巫妖) 
#106 [语音] (巫妖) 
#107 [语音] (巫妖) 
#108 [语音] (巫妖) Fireball
#109 [语音] (巫妖) Lightning Bolt
#110 [语音] (巫妖) Teleport
#111 [语音] (巫妖) 
#112 [语音] (魔法师) Magic Missile
#113 [语音] (魔法师) Fireball
#114 [语音] (魔法师) Lightning Bolt
#115 [语音] (魔法师) Icestorm
#116 [语音] (魔法师) Conjure Elemental
#117 [语音] (魔法师) Cloud Kill
#118 [语音] (魔法师) Reverse Gravity
#119 [语音] (魔法师) Meteor Swarm
#120 [语音] (魔法师) Power Word Kill
#121 [语音] (魔法师) Flesh to Stone
#122 [语音] (魔法师) Wall of Fire
#123 [语音] (魔法师) Projected Image
#124 [语音] 
#128 [语音] 
#129 [语音] 
#130 [语音] 
#131 [语音] 
#132 [语音] (Tel'Arin) Fireball
#133 [语音] (Tel'Arin) Lightning Bolt
#134 [语音] (Tel'Arin)
#135 [语音] (Tel'Arin) Teleport
#136 [语音] (Tel'Arin)
#137 [语音] 
#139 [语音] 
#152 [语音] 
#157 [语音] 

#160 [语音] (剑士) 
#161 [语音] (剑士) 
#162 [语音] (剑士) 
#163 [语音] (剑士) 
#164 [语音] (剑士) 
#165 [语音] (剑士) 
#166 [语音] (剑士) 
#167 [语音] (剑士) 
#168 [语音] (剑士) 
#169 [语音] (剑士) 

#171 [语音] (矮人) 
#172 [语音] (矮人) 
#173 [语音] (矮人) 
#174 [语音] (矮人) 
#175 [语音] (矮人) 
#176 [语音] (矮人) 
#177 [语音] (矮人) 
#178 [语音] (矮人) 
#179 [语音] (矮人) 
#180 [语音] (矮人) 

#182 [语音] (盗贼) 
#183 [语音] (盗贼) 
#184 [语音] (盗贼) 
#185 [语音] (盗贼) 
#186 [语音] (盗贼) 
#187 [语音] (盗贼) 
#188 [语音] (盗贼) 
#189 [语音] (盗贼) 
#190 [语音] (盗贼) 
#191 [语音] (盗贼) 
#192 [语音] (盗贼) 
#193 [语音] (盗贼) 
#194 [语音] (盗贼) 
#195 [语音] (盗贼) 
#196 [语音] (盗贼) 
#197 [语音] (盗贼) 
#198 [语音] (盗贼) 
#199 [语音] (盗贼) 

#201 [语音] (传教士) 
#202 [语音] (传教士) 
#203 [语音] (传教士) 
#204 [语音] (传教士) 
#205 [语音] (传教士) 
#206 [语音] (传教士) 
#207 [语音] (传教士) 
#208 [语音] (传教士) 
#209 [语音] (传教士) 
#210 [语音] (传教士) 
#211 [语音] (传教士) 
#212 [语音] (传教士) 
#213 [语音] (传教士) 
#214 [语音] (传教士)

#217 [语音] (精灵) 
#218 [语音] (精灵) 
#219 [语音] (精灵) 
#220 [语音] (精灵) 
#221 [语音] (精灵) 
#222 [语音] (精灵) 
#223 [语音] (精灵) 
#224 [语音] (精灵) 
#225 [语音] (精灵) 
#227 [语音] (精灵) 
#228 [语音] (精灵) 
#229 [语音] (精灵) Feel my power!
#230 [语音] (精灵) 
#231 [语音] (精灵) 
#232 [语音] (精灵) 
#233 [语音] (精灵) 
#234 [语音] (精灵) 

#235 [语音] (魔法师) 
#236 [语音] (魔法师) 
#237 [语音] (魔法师) 
#238 [语音] (魔法师) 
#239 [语音] (魔法师) 
#240 [语音] (魔法师) 
#241 [语音] (魔法师) 
#242 [语音] (魔法师) 
#243 [语音] (魔法师) 
#244 [语音] (魔法师) Prepare yourself!
#245 [语音] (魔法师) 
#246 [语音] (魔法师) 
#247 [语音] (魔法师) 

  ■出品
  龙与地下城 2 - 暗黑秘影
  Victor Entertainment  VICL-2169  May 22, 1996

  ■作曲
  Masato Koda

  ■中文列表整理
  kina
  http：//www.chinaemu.cn

$end
