$name=dynwar
$version=2
$default=001
$main

#001 介绍
#021 选择人物
#002 大兴山 (第一关)
#010 Boss
#016 通关
#005 汜水关 (第二关)
#003 铁门峡 (第三关)
#014 第一部分结束
#023 第二部分开始
#004 龙门谷 (第四关)
#006 虎牢关 (第五关)
#011 吕布交战
#007 洛阳 (第六关)
#008 荥阳城 (第七关)
#009 郿坞城  (第八关)
#012 董旻交战
#013 董卓交战
#015 第二部分结束
#018 结束音乐
#019 制作人员
#026 最高得分
#027 最高得分显示
#024 得分
#025 得分显示
#020 继续
#017 游戏结束

#028 未在CD释放

------------------------------------------------------
  [音效]

#032 [音效]
#033 [音效]
#034 [音效]
#035 [音效]
#036 [音效]
#037 [音效]
#038 [音效]
#039 [音效]
#040 [音效]
#041 [音效]
#042 [音效]
#043 [音效]
#044 [音效]
#045 [音效]
#046 [音效]
#047 [音效]
#048 [音效]
#049 [音效]
#050 [音效]
#051 [音效]
#052 [音效]
#053 [音效]
#054 [音效]
#055 [音效]
#056 [音效]
#057 [音效]
#058 [音效]
#059 [音效]
#060 [音效]
#061 [音效]
#062 [音效]
#063 [音效]
#064 [音效]
#065 [音效]
#066 [音效]
#067 [音效]
#068 [音效]
#069 [音效]
#070 [音效]
#071 [音效]
#072 [音效]
#073 [音效]
#074 [音效]
#075 [音效]
#076 [音效]
#077 [音效]
#078 [音效]
#079 [音效]
#080 [音效]
#081 [音效]
#082 [音效]
#083 [音效]
#084 [音效]
#085 [音效]
#086 [音效]
#087 [音效]
#088 [音效]
#089 [音效]
#090 [音效]
#091 [音效]

  [语音]

#129 [语音]
#130 [语音]
#131 [语音]
#132 [语音]
#133 [语音]
#134 [语音]
#135 [语音]
#136 [语音]
#137 [语音]
#138 [语音]
#139 [语音]
#140 [语音]
#141 [语音]
#142 [语音]
#143 [语音]
#144 [语音]
#145 [语音]
#146 [语音]
#147 [语音]
#148 [语音]
#149 [语音]
#150 [语音]
#151 [语音]
#152 [语音]
#153 [语音]
#154 [语音]
#155 [语音]
#156 [语音]
#157 [语音]
#158 [语音]
#159 [语音]
#160 [语音]

  ■出品
  Strider Hiryu -G.S.M. Capcom 2- / Alfh Lyra Wa Lyra
  Pony Canyon / Scitorn  D25B1001  May 21, 1989

  ■作曲
  Chanchakorin (Alfh Lyra Wa Lyra)

  ■信息　
  吞食天地 (日版)

  ■中文列表整理
  kina
  http://www.chinaemu.cn

$end
