$name=knights
$version=2
$default=000
//$songmax=116
$main

#000 演示 <时间="1:58">
#099 投币 <时间="2">
#026 选择人物 <时间="31">
#027 小地图
#001 第一关 (火焰中的村庄) <时间="2:03">
#013 第一关 Boss <时间="43">
#030 过关
#002 第二关 (混战) <时间="2:16">
#014 第二关Boss <时间="30">
#003 第三关 (堡垒之战) <时间="2:13">
#015 第三关 Boss <时间="32">
#012 第三关通关
#004 第四关第一部分 (骑士的节日) <时间="1:19">
#029 过场
#005 第四关第二部分 (海岸线) <时间="54">
#006 第五关 (海岸线) <时间="1:48">
#016 第五关 Boss <时间="38">
#007 第六关第一部分 (城镇城堡之战) <时间="1:42">
#008 第六关第二部分 (凹陷) <时间="1:19">
#017 第六关 Boss <时间="1:01">
#009 第七关 (城堡之战) <时间="2:22">
#019 第七关 Boss 1 <时间="41">
#018 第七关 Boss 2 <时间="1:01">
#030 通关
#020 最终关通关
#010 第八关 8 <时间="1:17">
#024 结局 <时间="1:10">
#022 制作人员 <时间="1:45">
#023 继续游戏 <时间="37">
#025 游戏结束
#028 排名 <时间="27">

-----------------------------------------------------------
 [语音]

#032 [语音]
#033 [语音]
#034 [语音]
#035 [语音]
#036 [语音]
#037 [语音]
#038 [语音]
#039 [语音]
#040 [语音]
#041 [语音]
#042 [语音]
#043 [语音]
#044 [语音]
#046 [语音]
#047 [语音]
#048 [语音]
#049 [语音]
#050 [语音]
#051 [语音]
#052 [语音]
#053 [语音]
#054 [语音]
#055 [语音]
#096 [语音]
#116 [语音]
  
 [音效]
  
#045 [音效]
#058 [音效]
#059 [音效]
#060 [音效]
#061 [音效]
#062 [音效]
#063 [音效]
#064 [音效]
#065 [音效]
#066 [音效]
#067 [音效]
#068 [音效]
#069 [音效]
#070 [音效]
#071 [音效]
#072 [音效]
#073 [音效]
#074 [音效]
#075 [音效]
#076 [音效]
#077 [音效]
#080 [音效]
#081 [音效]
#082 [音效]
#085 [音效]
#086 [音效]
#087 [音效]
#088 [音效]
#089 [音效]
#090 [音效]
#092 [音效]
#093 [音效]
#094 [音效]
#095 [音效]
#097 [音效]
#098 [音效]
#099 [音效]
#100 [音效]
#101 [音效]
#102 [音效]
#103 [音效]
#104 [音效]
#105 [音效]
#106 [音效]
#107 [音效]
#108 [音效]
#109 [音效]
#110 [音效]
#111 [音效]
#112 [音效]
#113 [音效]
#115 [音效]

  ■出品
  Varth -G.S.M. Capcom 6- / Alfh Lyra
  Pony Canyon / Scitron  PCCB-00110  Feb 19, 1993

  ■信息
  圆桌骑士

  ■中文列表整理
  kina
  http://www.chinaemu.cn

$end
