$name=kof2000
$version=2
$default=$02
$songmax=$7f
$main

$02 Neo-Geo Logo

$21 00 (片头)
$7f 投币 <时间="3">
$38 Be-Ta 之力 (操作简介 - 选择)
$39 Be-Ta 之力 2 (选择 2)
$22 KD-0084 (主人公队)
$3a LV-4 (战斗胜利)
$2e 内部的阴影 (红丸队)
$23 特瑞 115 (饿狼传说队)
$24 美女与野兽 (龙虎之拳队)
$25 骑兵 (怒之队)
$31 猫之尾 (战斗间歇)
$26 决心 (超能力队)
$27 露出微笑 (女性格斗家队)
$28 狂野的派对 (韩国队)
$3c LV-1 (战斗胜利, 单人模式)
$2c 再见 Esaka (草薙京)
$2d 狂风中的咆啸 (八神庵 -岚之萨克斯风 4-)
$33 站住! (挑战者出现)
$29 冰天雪地 (Boss - 库拉)
$32 恶魔 (Zero)
$2a 斩杀者 Zero (最终 Boss -Zero-)
$35 梦想的吞噬者 (Zero 消失 Demo)

$40 水晶 -种类 1- (结尾 - 显示制作人员列表 - 主人公队)
$41 水晶 -种类 2- (结尾 - 显示制作人员列表 - 红丸队)
$42 水晶 -种类 3- (结尾 - 显示制作人员列表 - 饿狼传说队)
$43 水晶 -种类 4- (结尾 - 显示制作人员列表 - 龙虎之拳队)
$44 水晶 -种类 5- (结尾 - 显示制作人员列表 - 怒之队)
$46 水晶 -种类 6- (结尾 - 显示制作人员列表 - 女性格斗家队)
$47 水晶 -种类 7- (结尾 - 显示制作人员列表 - 韩国队)
$48 水晶 -种类 8- (结尾 - 显示制作人员列表 - 京 & 庵)
$49 水晶 -种类 9- (结尾 - 显示制作人员列表 - Kuula) <time="2:23">
$45 水晶 -种类 A- (结尾 - 显示制作人员列表 - 超能力队)
$4a 水晶 -种类 A- (结尾 - 显示制作人员列表 - 随机队)
$3b Sukuwareru (继续?)

$2b 水晶 -种类 B- (显示制作人员列表 -无尽版-)

  ■出品
  拳王 2000 - SNK
  SME / Scitron  SCDC-00035  Aug 23, 2000

  ■中文列表编辑
  Soar1229
  http://www.chinaemu.cn

$end
