$name=kof99
$default=$02
//$songmax=$46
$main

$02 NEO-GEO Logo <0:09>
$45 燃烧的 D.N.A. (片头) <0:20>
$46 燃烧的 D.N.A. Beta (街机版蓄币后等待) <0:32.0>
$38 请等待... (操作简介 - 人物选择) <1:07.3>
$39 请等待... -w/o intro- (人物选择) <0:12.3>
$22 KD-0079 (主人公队) <2:46.8>
$3a 幸存者 (战斗胜利) <0:11>
$23 第176号街 (饿狼传说队) <2:44.5>
$24 龙拳 (龙虎之拳队) <2:01.5>
$25 W.W.III (怒之队) <3:08.4>
$30 危险的玩具 (战斗间歇) <0:30.4>
$26 精神音速旅行 -稻田之舞- (超能力队) <3:21.5>
$27 SHA-LA-LA (女子格斗家队) <2:56.3>
$28 重生之路 (韩国队) <3:30.7>
$2e ESAKA? -Acid Mix- (克隆京) <3:50.7>
$2c 泪 (京) <3:24.6>
$2d 悲伤的眼睛 (庵) <2:16.6>
$31 决战? (Boss 出现 1) <0:31.4>
$29 机械的祝福 (Boss 1) <1:37.5>
$32 你好, 再见 (Boss 出现 2) <1:21.5>
$2a 坠落天使 (Boss 2) <2:03.4>
$33 逃脱第70599号基地 (Boss 消失 1) <0:46.5>
$41 坍塌 (Boss 消失 2) <0:36.5>
$42 再会 (京 & 庵 乱入) <0:30.5>
$3b 熔点 (继续?) <0:22.5>
$44 银色内衣 (结尾 1) <0:24.5>
$34 神秘坠落 (结尾 2) <0:24.5>
$35 下午好 (结尾 3) <0:35.5>
$36 C.C. 骗局 (结尾 4) <0:15.5>
$37 没有说再见 (结尾 5) <0:41.5>
$3c 你会和我结婚吗？(结尾 6) <0:48.5>
$2b 穿越烈火 (职员表) <1:48.5>

  ■出品
  拳王 '99: 千年之战
  SCITRON  PCCB-00387  SNK 1999-8-18

  ■列表编辑
  MAME E2J
  bcass
  Diablo_Hu
  http://www.e2j.net
  http://www.emucn.net
  http://loseemu.126.com

$end