
$name=kof97
$version=2
$default=$02
$songmax=$51
$main

$20 (请选择各舞台停止时的欢呼声)

$02 NEO-GEO 商标
$21 第四个火焰 (标题)
$3a 第四个火焰β (MVS标题)
$23 次序 (玩家选择)
$25 SATELLA的观点 (试合前演示)
$40 永远的草薙 (草薙 京)
$22 胜利者 (胜利演示)
$45 kuri和永远 (泰瑞 柏格)
$30 日本 (日本)
$44 血腥 (新人队)
$47 玛丽的蓝调 (布鲁 玛丽)
$31 巴黎 (巴黎)
$43 超能力战士 '97混音 (麻宫 雅典娜)
$2d S.N.N.W (中间演示)
$35 美国 (美国)
$42 尚未成熟 (矢吹 真吾)
$46 C62 (山崎 龙二)
$32 中国 (中国)
$48 伦敦进行曲(比利 坎)
$24 H.C.C (乱入玩家选择)
$33 韩国 (韩国)
$41 帅气的即兴演奏 ～岚之萨克斯风3～ (八神 庵)
$34 摩纳哥 (摩纳哥)
$2e 你是格斗之王 (优胜典礼)
$26 记忆 (演示1-1)
$2f 狂觉 (演示2-2)
$49 控制危机(？关卡 –八神庵、雷欧娜暴走-)
$51 全为了觉醒 -短版本- (演示2)
$27 全为了觉醒(演示2)
$4a 旋律的幻觉(？？关卡 –大蛇队-)
$28 开眼 (演示3)
$4b 心的起源(？？？关卡 –大蛇-)
$50 无 (演示4)
$29 插曲 I (结局1)
$2a 插曲 II (结局2)
$2b 插曲 III (结局3)
$37 插曲 X (结局4-1)
$38 犯罪与处罚(结局4-2)
$39 最后的火焰 (结局4-3)
$36 两人 (????关卡 –草薙 京 vs 八神 庵-)
$4c 不快乐的 (工作人员名单)
$2c 倒数计时 (继续)

$20 (请选择各舞台停止时的欢呼声)

-----------------------------------------
[音效]

  ■出品
  THE KING OF FIGHTERS '97 / SNK
  PONY CANYON / SCITRON PCCB-00273 1997.08.20

  ■信息
  拳皇 '97

  ■中文列表编辑
  Sayuri
  Soar1229
  冷血
  胡里胡涂
  http://www.chinaemu.cn

$end
