$name=kof98
$version=2
$default=$02
$main

$02 Neo Geo Logo

$21 密码 (标题)
$22 密码 β (标题, MVS版)
$28 OK? (操作指示)
$23 格斗之王 (人物选择)
$30 草薙 (主人公队)
$24 W (胜利)
$31 Kurikinton - Gomame 吉他版 (饿狼传说队)
$51 日本 (日本关开场音乐)
$32 格斗技 (龙虎之拳队)
$33 晃动的城市 (怒之队)
$34 震！战栗之戏剧 (超能力队)
$35 妖精 (女子格斗家队)
$2c 蔡宝健之舞 (菜宝健登场)
$53 韩国 (韩国关开场音乐)
$36 魂之镇 (金家潘队)
$37 残忍 (大蛇队)
$39 老当益壮 (老人队)
$52 西班牙 (西班牙关开场音乐)
$3c C62 (山崎 龙二)
$3d 玛利 的忧郁 (玛利)
$3e 伦敦进行曲 (比利 凯恩)
$25 侵入 (挑战人物选择)
$38 岚之萨克斯风 2 (八神队)
$54 美国 (美国关开场音乐)
$3a 第五号贫民区 (美国队)
$40 尚未成熟 (矢吹 真吾)
$41 The ЯR (怒加 博恩斯坦)
$47 永远的草薙 (草薙 京 VS 八神 庵)
$48 帅气的即兴演奏 (八神 庵 VS 草薙 京)
$43 有节奏的幻觉 (干枯大地之七枷社)
$44 著魔的华尔兹 (荒狂稻光之夏尔米)
$45 狂乱的幻想 (命运之炎克里斯)
$46 ne！ ('94女性格斗家队)
$42 草薙 (草薙 京)
$3f 岚之萨克斯风 (八神 庵)
$26 复活 (继续?)
$2b 取得优势 (接关特别优待)
$4a X (Boss 前的顺序选择)
$2f ... (Boss 豋场 1)
$29 XX (Boss 豋场 2)
$55 Blacknoah (Boss 开场音乐)
$3b XXX (Boss)
$2d 最后的机会 (Boss 消灭 1)
$2e 时光 (Boss 消灭 2)
$2a 零 (工作人员名单)

  ■出品
  The King of Fighters '98 / SNK
  Pony Canyon / Scitron  PCCB-00334  Aug 19, 1998

  ■信息
  拳皇 '98 - 梦战斗未结束
　
  ■中文列表编辑
  Soar1229
  特别感谢拳皇盟的角色译名
  http://www.chinaemu.cn

$end
