$name=mslug3
$version=2
$default=002
$songmax=255
$main

#002 Neo Geo Logo
#000 [指令] (音乐) <time="1">
#033 军事系统 (操作指南, 完成全部任务) <time="57">
#035 出征 (角色选择) <time="44">
#037 苍海之牙 (摩洛博士岛) (关卡 1-1) <time="2:17">
#038 船坞 (关卡 1-2) <time="1:43">
#039 未知的世界 (关卡 1-3, 4-5, 5-5) <time="2:22">
#036 钢铁野兽 "萝卜6号" (Boss主题 A) <time="2:15">
#040 午夜的彷徨 (关卡 2-1 )<time="2:20">
#041 魔之雪洞 (关卡 2-2) <time="1:55">
#051 变形 (Boss主题 B) <time="1:54">
#053 浅海 (关卡 3-1) <time="1:39">
#042 死海之中 (关卡 3-3) <time="2:34">
#047 战斗主题曲 (关卡 5-2) <time="2:33">
#055 秘密工厂 (关卡 3-2) <time="2:19">
#043 沙漠 (关卡 4-1) <time="1:48">
#044 金字塔 (关卡 4-2) <time="1:31">
#049 纪念碑 (关卡 4-3) <time="2:00">
#054 日本兵 (关卡 4-4) <time="1:52">
#045 天空 (关卡 5-1)  <time="2:10">
#003 [指令 : 声音停止 ] <time="0.5">
#030 [指令 : 投币 (音效 & 语音) ] <time="0.5">
#206 欺骗 (关卡 5, 间断) <time="34">
#003 [指令 : 声音停止 ] <time="0.5">
#000 [指令] 投币 (音乐) <time="0.5">
#046 宇宙 (关卡 5-3) <time="2:25">
#050 黑暗之吻 (关卡 5-4) <time="1:40">
#052 第一次接触 (关卡 5-6) <time="1:49">
#056 Bioinformatics (关卡 5-7) <time="2:08">
#057 逃亡 (关卡 5-8) <time="2:15">
#048 最后之战 (最终Boss) <time="2:31">
#058 结束画面 (结局) <time="2:29">
#034 墓碑 (游戏结束) <time="10">
#032 完成 (任务完成) <time="8">

--------------------------------------------------

#030 [指令 : (SFX & 语音) ] <time="1">
#036 [语音] Okay
#044 [语音] Flame shot
#045 [语音] Heavy machine gun
#046 [语音] Rocket launcher
#047 [语音] Shot gun
#048 [语音] Lazer gun
#049 [语音] Mission 1 start
#050 [语音] Mission 2 start
#051 [语音] Mission 3 start
#052 [语音] Mission 4 start
#053 [语音] Mission 5 start
#055 [语音] Mission complete
#057 [语音] ha! (Aikawa Rumi)
#058 [语音] Thank you. (Priosoner)
#059 [语音] hoi (Fighting priosoner)
#060 [语音] C'mon, boy
#061 [语音] Go home to your mummy
#062 [语音] ??
#063 [语音] aahahahaha
#064 [语音] See you in hell
#065 [语音] hahahaha (Morden)
#066 [语音]
#067 [语音]
#068 [语音]
#069 [语音] cheers
#070 [语音] belch
#073 [语音] Marco
#074 [语音] Tarma
#075 [语音] Fio
#076 [语音] Eri
#078 [语音]
#080 [语音] You're great
#081 [语音] Mission all over
#083 [语音] Oh, big
#084 [语音] Armor piercer
#085 [语音] Stone
#086 [语音] Fire bomb
#087 [语音] Grenade
#088 [语音] Enemy chaser
#089 [语音] Super grenade
#090 [语音] Iron lizard
#091 [语音] Drop shot
#092 [语音] Mobile satellite
#093 [语音] Thunder cloud
#098 [语音] Bow
#099 [语音] Ki-yi

#000 [指令 : (Music) ]<time="1">

  ■出品
  Metal Slug 3 Original Soundtrack
  Noisefactory  NF-0002  Jan 31, 2003

  ■作曲
  HIYA!, Bero_oh, HORI_HORI, Q_JIROU, Maitaro

  ■信息
  合金弹头 3
　
  ■中文列表编辑
  胡里胡涂
  http://www.chinaemu.cn

$end
