$name=nam1975
$version=2
$default=002
$main

#002 Neo Geo 标志

#048 越战 (标题) <时间="21">
#040 替代 (选择) <时间="31">
#049 血之任务 (介绍) <时间="19">
#039 士兵的开场白 (第一关) <时间="2:24">
#055 枪战 (第一关 Boss) <时间="12">
#035 头部槌击 (人类 Boss) <时间="1:21">
#057 成绩汇报 (过场) <时间="29">
#053 巷战 (第二关) <时间="1:45">
#051 离开!! (第三关，演示) <时间="10">
#042 空中战斗 (第三关) <时间="1:53">
#043 轰击战斗机(演示) <时间="1:43">
#044 飞机场 (第四关) <时间="2:03">
#036 机械之战 (机械 Boss) <时间="1:51">
#058 兵工厂之战 (第五关) <时间="1:53">
#056 颤抖 (关于南西的命令，演示) <时间="33">
#050 突袭 (袭击, 演示一) <时间="2.5">
#046 突袭 (袭击，演示二) <时间="6">
#041 突袭 (袭击) <时间="52">
#047 夜晚作战 (第六关) <时间="2:13">
#037 激光武器 (终极 Weapn) <时间="1:16">
#062 好运 (胜利的结局) <时间="27">
#063 在记忆中看见 -士兵的结语 - (制作人员)<时间="54">
#061 游戏结束<时间="3">

#054 巷战 (区域 2) - w/o intro
#045 轰击战斗机 (演示) - w/o intro
#034 机械之战 (机械 Boss) - w/o intro
#038 激光武器 (终极 Weapn) - w/o intro

-----------------------------------------------------------
 [语音]

#133 [语音]
#134 [语音]
#135 [语音]
#142 [语音]
#144 [语音]
#145 [语音]
#146 [语音]
#147 [语音]
#148 [语音]
#149 [语音]
#150 [语音]
#151 [语音]
#160 [语音]
#161 [语音]
#162 [语音]
#163 [语音]
#167 [语音]
#168 [语音]
#169 [语音]
#170 [语音]
#171 [语音]
#172 [语音]
#173 [语音]
#174 [语音]
#175 [语音]
#176 [语音]
#177 [语音]
#178 [语音]
#179 [语音]
#180 [语音]
#181 [语音]
#182 [语音]
#183 [语音]
#184 [语音]
#185 [语音]
#186 [语音]
#187 [语音]
#188 [语音]
#189 [语音]
#190 [语音]
#191 [语音]
#201 [语音]
#207 [语音]
#211 [语音]
#215 [语音]
#216 [语音]
#217 [语音]
#226 [语音]
#227 [语音]
#240 [语音]
#242 [语音]
#244 [语音]

-----------------------------------------------------------
 [音效]

#128 [音效]
#129 [音效]
#130 [音效]
#131 [音效]
#132 [音效]
#136 [音效]
#137 [音效]
#138 [音效]
#139 [音效]
#140 [音效]
#141 [音效]
#143 [音效]
#152 [音效]
#153 [音效]
#154 [音效]
#155 [音效]
#156 [音效]
#157 [音效]
#158 [音效]
#164 [音效]
#165 [音效]
#166 [音效]
#192 [音效]
#193 [音效]
#194 [音效]
#195 [音效]
#196 [音效]
#197 [音效]
#198 [音效]
#199 [音效]
#200 [音效]
#204 [音效]
#206 [音效]
#208 [音效]
#209 [音效]
#210 [音效]
#214 [音效]
#218 [音效]
#219 [音效]
#220 [音效]
#221 [音效]
#222 [音效]
#223 [音效]
#224 [音效]
#225 [音效]
#228 [音效]
#229 [音效]
#230 [音效]
#231 [音效]
#232 [音效]
#233 [音效]
#234 [音效]
#235 [音效]
#236 [音效]
#237 [音效]
#238 [音效]
#239 [音效]
#246 [音效]
#247 [音效]
#248 [音效]
#249 [音效]
#250 [音效]
#251 [音效]
#252 [音效]
#253 [音效]
#254 [音效]
#255 [音效]

  ■出品
  Neo-Geo Sound Power -G.S.M. SNK 2-
  Pony Canyon / Scitron  PCCB-00031  Jun 21, 1990

  Scitron Video Game Music Almanac 1990
  Pony Canyon / Scitron  PCCB-00055  Feb 21, 1991

  ■信息
  越战-1975

  ■中文列表编辑
  kina
  http://www.chinaemu.cn

$end
