$name=samsho4
$version=2
$default=002
$main

#002 Neo Geo Logo

#033 天草降临 (标题画面)

	一七八九年,当时在宽政改革的压迫下,
	一个恶魔的灵魂随着鬼火的增长而苏醒。
	在大地动摇下出现的城为岛原的人们带来了灾难。
	就如同呼应一样，自己的身体变成了修罗，
	生活在规律里的人们出现了。

		“侍魂 -天草降临-”

#057 十七剑客 (角色选择)
#044 岛原半岛 (地图画面)
#058 寻常决胜负
#034 修罗道 (霸王丸)
#059 分出胜负 (结束)
#080 川 -改- (橘右京) <time="4:44">
#048 鲔之化身 (加尔伏特)
#082 自然之宴 -改- (娜可露露)
#083 心之镜 -改- (莉姆露露)
#085 冥想 -壹- (头像画面1)
#086 冥想 -贰- (头像画面2)
#087 冥想 -叁- (头像画面3)
#035 鬼呗 -改- (牙神幻十郎)
#084 外国小姐 (夏洛特)
#081 焰 (风间火月)
#049 水之化身 (风间苍月)
#046 贰 (天草战前演示)
#050 动和静 (天草四郎时贞)
#051 静和动 (壬无月斩红郎)
#036 樱 (樱场景)
#052 三诺宫 (海滨场景) <time="5:00">
#037 竹林 (竹林场景)
#053 犬 (废村场景) <time="5:00">
#038 炎狱 (火事场景)
#039 古寺 (古寺场景 1)
#040 仁王 (古寺场景 2)
#054 蒸气 (岩山场景)
#055 不出 (刑场场景)
#047 三 (挑战者登场演示)
#056 好敌手 (最终战斗)
#060 再演的期望 (继续)
#045 眺望 -壹- (普通结局)
#062 眺望 -贰- (失败结局)

	就这样天草四郎时贞灭亡了,
	岛原恢复了平静。
	但是灾难留下了很大痕迹,
	在岛原的死者以三町五十六村为三千人的大悲惨事件,
	要回到以往的景象还需一段岁月... 


#041 结束
#063 完成者 (职员名单)
#061 终演 (游戏结束)

  ■出品
  Samurai Spirits - Amakusa Kourin / SNK
  Pony Canyon / Scitron  PCCB-00231  Dec 04, 1996

  ■信息
  侍魂4 - 天草降临
　
  ■中文列表编辑
  胡里胡涂
  Sayuri
  http://www.chinaemu.cn

$end
