$name=sf2ce
$default=022
$songmax=141
$main

#022 片头
#032 蓄币
#014 人物选择 <0:35>
#061 [音效] 飞机 <0:02>
#087 [语音] Japan <0:01>
#015 对战 <0:04>
#095 [语音] Round <0:00.7>
#096 [语音] 1 <0:01>
#086 [语音] Fight <0:01>
#001 日本 (Ryu) I <1:37>
#121 日本 (Ryu) II <0:28>
#082 [语音] You <0:00.5>
#083 [语音] Win <0:01>
#016 战斗结束
#003 巴西 (Blanka) I <1:49>
#123 巴西 (Blanka) II <0:28>
#005 美国 (Guile) I <2:11>
#124 美国 (Guile) II <0:56>
#006 China (Chun Li) I <1:47>
#126 China (Chun Li) II <0:31>
#013 附加局 <0:33>
#021 新的挑战者! <0:01.9>
#002 日本 (E. Honda) I <2:05>
#122 日本 (E. Honda) II <0:33>
#004 美国 (Ken) I <2:04>
#125 美国 (Ken) II <0:43>
#007 苏联 (Zangief) I <1:41>
#127 苏联 (Zangief) II <0:30>
#008 印度 (Dhalsim) I <1:18>
#128 印度 (Dhalsim) II <0:51>
#009 美国 (Balrog) I <1:44>
#129 美国 (Balrog) II <0:31>
#010 西班牙 (Vega) I <1:47>
#130 西班牙 (Vega) II <0:48>
#011 泰国 (Sagat) I <1:18>
#131 泰国 (Sagat) II <0:27>
#012 泰国 (M. Bison) I <2:01>
#132 泰国 (M. Bison) II <0:56>
#024 结尾 (Ryu)
#026 结尾 (Blanka) <0:37>
#027 结尾 (Guile) <0:56>
#029 结尾 (Chun Li) I <0:25>
#053 结尾 (Chun Li) II <1:22>
#025 结尾 (E. Honda) <0:55>
#028 结尾 (Ken) I <0:33>
#052 结尾 (Ken) II <1:12>
// Original Piece : Wedding March (Mendelssohn)
#030 结尾 (Zangief) <0:28>
#031 结尾 (Dhalsim)
#140 结尾 (four bosses) <1:02>
#141 职员表 <2:00>
#017 继续? <0:28>
#019 游戏结束
#020 排名
#018 (未使用)


----------------------------------------------------------------------------
 [语音]

#082 [语音] you
#083 [语音] win
#084 [语音] lose
#085 [语音] perfect
#086 [语音] fight
#087 [语音] Japan
#088 [语音] Brazil
#089 [语音] U.S.A.
#090 [语音] China
#091 [语音] U.S.S.R.
#092 [语音] India
#093 [语音] Spain
#094 [语音] Thailand
#095 [语音] round
#096 [语音] one
#097 [语音] two
#098 [语音] three
#099 [语音] four
#100 [语音] five
#101 [语音] six
#102 [语音] seven
#103 [语音] eight
#104 [语音] nine
#105 [语音] final
#106 [语音] "shouryuuken"
#107 [语音] "tatsumaki senpuukyaku"
#108 [语音] "dosukoi"
#109 [语音] "uuaarrk!"
#110 [语音] "fire"
#111 [语音] "flame"
#112 [语音] "sonic boom" 
#115 [语音] "spinning bird kick"
#116 [语音] "hadouken"
#117 [语音] "hyooow!"
#118 [语音] "tiger"
#119 [语音] "upper cut"
#133 [语音] "yoga"
#064 [语音] "ugh.." (未使用)
#066 [语音] "ha..kk.." (未使用)
#067 [语音] "uurk.."
#069 [语音] "aaah.."
#070 [语音] "ei!"
#071 [语音] "ha!"
#072 [语音] "ya!"
#074 [语音] "ahahaha.."
#076 [语音] "hahahaha.."
#077 [语音] "yoolaiyoleihee"
#079 [语音] "yatta!"
#080 [语音] cheer 1 (未使用)
#081 [语音] cheer 2 (未使用)


----------------------------------------------------------------------------
 音效

#032 [音效]
#033 [音效]
#034 [音效]
#035 [音效]
#036 [音效]
#037 [音效]
#038 [音效]
#039 [音效]
#040 [音效]
#041 [音效]
#042 [音效]
#043 [音效]
#044 [音效]
#045 [音效]
#046 [音效]
#047 [音效]
#049 [音效]
#050 [音效]
#051 [音效]
#054 [音效]
#055 [音效]
#056 [音效]
#057 [音效]
#059 [音效]
#060 [音效]
#061 [音效]
#062 [音效]
#113 [音效]
#114 [音效]
#134 [音效]
#135 [音效]
#136 [音效]
#137 [音效]
#138 [音效]
#139 [音效]

  ■出品
  街头霸王 Ⅱ': 四大天王 -G.S.M. CAPCOM 4- / ALFH LYRA
  SCITRON PCCB-00056  1991-5-12

  ■列表编辑
  MAME E2J
  NK
  Diablo_Hu
  http://www.e2j.net
  http://www.emucn.net
  http://loseemu.126.com

$end