$name=shadfrce
$version=2
$default=002
$main

#002 标题
#004 人物选择
#013 建筑工地
#015 头目 1 (鬼， 阿米巴， 战神)
#022 间歇时间
#009 神秘之森
#010 屋企工厂
#007 科学实验室
#012 捉弄人的圣地
#001 在魔鬼的身体里面
#016 头目 2 (魔鬼, 生物的母亲)
#017 结局
#008 工作人员列表
#020 游戏结束

#003 不用的 1
#005 不用的 2
#006 不用的 3
#011 不用的 4
#019 不用的 5
#023 不用的 6
#014 不用的 7
#018 不用的 8
#124 不用的 9
// 原始部分 : 三月的婚礼 (Mendelssohn)
#127 不用的 10

-----------------------------------------------------------
 [人物声音]

#039 [人物声音]
#040 [人物声音]
#041 [人物声音]
#042 [人物声音]
#043 [人物声音]
#044 [人物声音]
#045 [人物声音]
#046 [人物声音]
#047 [人物声音]
#048 [人物声音]
#049 [人物声音]
#050 [人物声音]
#051 [人物声音]
#086 [人物声音]
#087 [人物声音]
#088 [人物声音]
#089 [人物声音]
#090 [人物声音]
#091 [人物声音]
#092 [人物声音]
#093 [人物声音]
#108 [人物声音]

-----------------------------------------------------------
 [音效]

#027 [音效] 投币
#024 [音效]
#025 [音效]
#026 [音效]
#028 [音效]
#029 [音效]
#030 [音效]
#031 [音效]
#032 [音效]
#033 [音效]
#034 [音效]
#035 [音效]
#036 [音效]
#037 [音效]
#038 [音效]
#052 [音效]
#053 [音效]
#054 [音效]
#055 [音效]
#056 [音效]
#057 [音效]
#058 [音效]
#059 [音效]
#060 [音效]
#061 [音效]
#062 [音效]
#063 [音效]
#064 [音效]
#065 [音效]
#066 [音效]
#067 [音效]
#068 [音效]
#069 [音效]
#070 [音效]
#071 [音效]
#072 [音效]
#073 [音效]
#074 [音效]
#075 [音效]
#076 [音效]
#077 [音效]
#078 [音效]
#079 [音效]
#081 [音效]
#082 [音效]
#083 [音效]
#084 [音效]
#085 [音效]
#094 [音效]
#095 [音效]
#096 [音效]
#097 [音效]
#098 [音效]
#100 [音效]
#101 [音效]
#102 [音效]
#103 [音效]
#104 [音效]

  ■信息
  变身忍者

  ■中文列表编辑
  单行本
  http://www.chinaemu.cn

$end
