$name=sonicwi3
$version=2
$default=002
$main

#002 Neo Geo 商标
#032 Video System!

#033 幻觉 (开始 & 职员名单)
#034 序曲 (人物选择)
#036 肮脏城市 (东京)
#051 给我你得到的！ (头目)
#055 这是长空战场 (关卡1完成)
#037 酷热 (德国 - 军港)
#038 超速驾驶的人 (非洲 - 沙漠)
#039 长空战场1 (奖励关 1)
#040 立体 (大峡谷)
#041 暗淡之地 (伦敦 1)
#044 暗淡之地 -重奏- (伦敦 2)
#048 心情沉重 (法国)
#042 动机 (巴拿马运河)
#045 长空战场2 (奖励关 2)
#046 超速驾驶的人 -重奏- (非洲 - 沙漠)
#047 吟语的沉思者 (亚洲 - 遗迹)
#043 高贵的刽子手的惊呼 (苏联 - 要塞)
#049 深渊 (深海)
#050 奥得赛 (火星)
#053 似曾相识 (最终头目)
#054 So-Takeko的主题 (最终头目 "So-Takeko")
#035 这是长空战场 2 (关卡完成 2)
#058 搞坏玩家的钢琴 (结束)
#056 幻觉 -短篇- (输入姓名)

#123 特殊武器 1
#136 特殊武器 2
#142 特殊武器 3

-----------------------------------------------------------
 [语音]

#085 [语音]
#174 [语音]
#175 [语音]
#214 [语音]
#215 [语音]
#216 [语音]
#217 [语音]
#218 [语音]
#220 [语音]
#223 [语音]
#230 [语音]
#236 [语音]
#237 [语音]
#238 [语音]
#239 [语音]
#240 [语音]
#241 [语音]
#242 [语音]
#243 [语音]
#244 [语音]
#245 [语音]
#246 [语音]
#247 [语音]
#248 [语音]
#249 [语音]

-----------------------------------------------------------
 [音效]

#080 [音效] 投币
#081 [音效]
#082 [音效]
#083 [音效]
#084 [音效]
#086 [音效]
#087 [音效]
#088 [音效]
#089 [音效]
#090 [音效]
#091 [音效]
#092 [音效]
#093 [音效]
#094 [音效]
#095 [音效]
#096 [音效]
#097 [音效]
#098 [音效]
#099 [音效]
#100 [音效]
#101 [音效]
#102 [音效]
#103 [音效]
#104 [音效]
#105 [音效]
#106 [音效]
#107 [音效]
#108 [音效]
#109 [音效]
#110 [音效]
#111 [音效]
#112 [音效]
#113 [音效]
#114 [音效]
#115 [音效]
#116 [音效]
#117 [音效]
#118 [音效]
#119 [音效]
#120 [音效]
#121 [音效]
#122 [音效]
#125 [音效]
#126 [音效]
#127 [音效]
#128 [音效]
#129 [音效]
#130 [音效]
#131 [音效]
#132 [音效]
#133 [音效]
#134 [音效]
#135 [音效]
#138 [音效]
#139 [音效]
#140 [音效]
#141 [音效]
#144 [音效]
#145 [音效]
#146 [音效]
#147 [音效]
#148 [音效]
#149 [音效]
#150 [音效]
#151 [音效]
#152 [音效]
#153 [音效]
#154 [音效]
#155 [音效]
#156 [音效]
#157 [音效]
#158 [音效]
#159 [音效]
#160 [音效]
#161 [音效]
#162 [音效]
#163 [音效]
#164 [音效]
#165 [音效]
#166 [音效]
#167 [音效]
#168 [音效]
#169 [音效]
#171 [音效]
#172 [音效]
#176 [音效]
#177 [音效]
#178 [音效]
#179 [音效]
#180 [音效]
#181 [音效]
#182 [音效]
#183 [音效]
#184 [音效]
#185 [音效]
#186 [音效]
#187 [音效]
#188 [音效]
#189 [音效]
#190 [音效]
#191 [音效]
#192 [音效]
#193 [音效]
#194 [音效]
#195 [音效]
#196 [音效]
#197 [音效]
#198 [音效]
#199 [音效]
#200 [音效]
#201 [音效]
#202 [音效]
#203 [音效]
#204 [音效]
#205 [音效]
#206 [音效]
#207 [音效]
#208 [音效]
#209 [音效]
#210 [音效]
#211 [音效]
#212 [音效]
#213 [音效]
#219 [音效]
#221 [音效]
#222 [音效]
#224 [音效]
#225 [音效]
#226 [音效]
#227 [音效]
#228 [音效]
#229 [音效]
#231 [音效]
#232 [音效]
#233 [音效]
#234 [音效]
#235 [音效]
#250 [音效]

  ■出品
  四国战机 3 / Video System
  Pony Canyon / Scitron  PCCB-00193  Oct 20, 1995

  ■中文列表编辑
  冷血
  www.chinaemu.cn

$end
