$name=wh1
$version=2
$default=002
$songmax=239
$main

#002 Neo Geo 商标
#023 宇宙上的武道大会现在开始
#034 人物选择
#025 开始
#004 天下无双烈光斩 (半藏之主题)
#017 风与炎 (风魔之主题)
#011 一个被称为龙的男人 (龙之主题)
#010 华丽的斗志  (珍妮之主题)
#005 大陆的霸王 (成吉思汗之主题)
#006 能量墙 (完美先生之主题)
#016 Cyber General (布罗肯之主题)
#012 爱的魔术师 (拉士普丁之主题)
#015 Loudness, Gone Gone (死亡之战模式)
#033 通关
#239 Go Go J.Ferry (奖励关)
#237 OKIYAMA-SAKICHI (博士的欢呼)
#238 宇宙最强之男 (吉杰斯出现)
#018 地球上最终战斗 (吉杰斯主题)
#022 被逐出忍者的末路-飞翔- (半藏之结局)
#027 平凡的日子就是灿烂的日子 (风魔之结局)
#021 成为一个香港电影明星! (龙之结局)
#035 Sometime I'll Take My Prince (珍妮之结局)
#030 压扁西红柿 (成吉思汗之结局)
#029 Icchan GENKIJIRUSHI (完美先生之结局)
#026 Sophisticated Effector (布罗肯之结局)
#028 Tricky, Time Slider (拉士普丁之结局)
#019 最后的三月 (最后一战)
#014 继续 (半藏)
#013 继续 (风魔)
#007 继续 (龙)
#009 继续 (珍妮)
#020 继续 (成吉思汗)
#031 继续 (完美先生)
#008 继续 (布罗肯)
#032 继续 (拉士普丁)
#024 游戏结束

--------------------------------------------------------
  [人物声音]

  半藏
#116 [人物声音]
#117 [人物声音]
#118 [人物声音]
#119 [人物声音]
#120 [人物声音]
#121 [人物声音]
#122 [人物声音]

  风魔
#093 [人物声音]
#094 [人物声音]
#095 [人物声音]
#096 [人物声音]
#097 [人物声音]
#098 [人物声音]
#099 [人物声音]

  龙
#110 [人物声音]
#111 [人物声音]
#112 [人物声音]
#113 [人物声音]
#115 [人物声音]

  珍妮
#086 [人物声音]
#087 [人物声音]
#088 [人物声音]
#089 [人物声音]
#090 [人物声音]
#092 [人物声音]

  成吉思汗
#080 [人物声音]
#081 [人物声音]
#082 [人物声音]
#083 [人物声音]
#084 [人物声音]
#085 [人物声音]

  完美先生
#102 [人物声音]
#103 [人物声音]
#105 [人物声音]
#106 [人物声音]
#107 [人物声音]
#108 [人物声音]
#109 [人物声音]

  布罗肯
#144 [人物声音]
#145 [人物声音]
#146 [人物声音]
#147 [人物声音]
#149 [人物声音]
#131 [人物声音]

  拉士普丁
#148 [人物声音]
#100 [人物声音]
#101 [人物声音]

  吉杰斯
#128 [人物声音]
#129 [人物声音]
#130 [人物声音]
#131 [人物声音]
#132 [人物声音]
#133 [人物声音]

   裁判
#150 [人物声音] round
#151 [人物声音] 1
#152 [人物声音] 2
#153 [人物声音] 3
#154 [人物声音] 4
#155 [人物声音] 5
#156 [人物声音] 6
#157 [人物声音] 7
#158 [人物声音] 8
#159 [人物声音] 9
#160 [人物声音] fight
#161 [人物声音] winner
#162 [人物声音] loser
#163 [人物声音] Hanzo
#164 [人物声音] Fuuma
#166 [人物声音] Dragon
#167 [人物声音] Janne
#168 [人物声音] J. Carn
#169 [人物声音] Geegus
#170 [人物声音] Muscle Power
#171 [人物声音] Brocken
#172 [人物声音] Ras Putin
#173 [人物声音] versus
#174 [人物声音] final battle
   
   死亡声音
#136 [人物声音] 半藏
#137 [人物声音] 风魔
#138 [人物声音] 龙
#139 [人物声音] 珍妮
#140 [人物声音] 成吉思汗
#141 [人物声音] 完美先生
#142 [人物声音] 布罗肯
#143 [人物声音] 拉士普丁


 [音效]

#036 [音效]
#037 [音效]
#038 [音效]
#039 [音效]
#040 [音效]
#041 [音效]
#042 [音效]
#043 [音效]
#044 [音效]
#046 [音效]
#047 [音效]
#048 [音效]
#051 [音效]
#052 [音效]
#053 [音效]
#054 [音效]
#055 [音效]
#056 [音效]
#057 [音效]
#058 [音效]
#059 [音效]
#060 [音效]
#062 [音效]
#063 [音效]
#064 [音效]
#065 [音效]
#066 [音效]
#067 [音效]
#068 [音效]
#070 [音效]
#071 [音效]
#072 [音效]
#176 [音效]
#177 [音效]
#178 [音效]
#179 [音效]
#180 [音效]
#181 [音效]
#182 [音效]
#183 [音效]
#184 [音效]
#185 [音效]
#186 [音效]
#187 [音效]
#188 [音效]
#189 [音效]
#190 [音效]
#191 [音效]
#192 [音效]
#193 [音效]
#196 [音效]
#197 [音效]
#198 [音效]
#199 [音效]
#200 [音效]
#201 [音效]
#202 [音效]
#203 [音效]
#204 [音效]
#208 [音效]
#209 [音效]
#210 [音效]
#211 [音效]
#212 [音效]
#213 [音效]
#224 [音效]
#225 [音效]
#226 [音效]
#227 [音效]
#228 [音效]
#229 [音效]
#230 [音效]

  ■出品
  World Heroes / SNK
  Pony Canyon / Scitron  PCCB-00106  Jan 21, 1993

  ■信息
  世界英雄

  ■中文列表编辑
  单行本
  http://www.chinaemu.cn

$end
