$name=wof
$version=2
$default=123
$songmax=136
$main
  
#123 广告演示
#096 开场演示 <时间="26">
#112 人物选择 <时间="36">
#097 第1关 (博望坡之战 1) A <时间="1:48">
#098 第1关 (博望坡之战 1) B <时间="56">
#113 通关
#099 第2关 (博望坡之战 2) <时间="1:54">
#116 中间停顿 2 - 3 A <时间="28">
#115 奖励关 1 <时间="48">
#117 中间停顿 2 - 3 B <时间="23">
#100 第3关 (新野城) <时间="1:14">
#109 Boss <时间="53">
#118 中间停顿 3 - 4 A <时间="21">
#119 中间停顿 3 - 4 B <时间="39">
#120 中间停顿 3 - 4 C <时间="27">
#101 第4关 (白河) <时间="2:01">
#102 第5关 (长坡之战) A <时间="27">
#121 中间停顿 5 <时间="38">
#103 第5关 (长阪坡之战) B <时间="1:10">
#122 中间停顿 5 - 6 <时间="1:31">
#104 第6关 (长阪桥) <时间="1:48">
#132 中间停顿 6 - 7 A <时间="45">
#133 奖励关 2 <时间="40">
#134 中间停顿 6 - 7 B <时间="25">
#105 第7关 (赤壁之战 1) <时间="1:42">
#106 第8关 (赤壁之战 2) A <时间="1:53">
#107 第8关 (赤壁之战 3) B <时间="1:09">
#135 第8关 (赤壁之战 4) C <时间="1:27">
#108 第9关 (华容道) <时间="1:40">
#110 Boss (吕布) <时间="1:07">
#111 Boss (曹操) <时间="36">
#114 最后任务完成
#124 结局 A 史实 <时间="1:44">
#125 结局 B 追杀曹操 (史实) <时间="1:09">
#126 结局 C 追杀曹操 (未完成) <时间="58">
#127 结局 D 追杀曹操 (完成) <时间="38">
#130 结局 E (1币通关) <时间="50">
#131 工作人员名单 <时间="1:20">
#128 游戏失败倒数 <时间="31">
#129 游戏失败

 [人物声音]

#015 [人物声音]
#016 [人物声音]
#017 [人物声音]
#018 [人物声音]
#019 [人物声音]
#020 [人物声音]
#021 [人物声音]
#022 [人物声音]
#023 [人物声音]
#024 [人物声音]
#045 [人物声音]
#046 [人物声音]
#047 [人物声音]
#048 [人物声音]
#049 [人物声音]
#051 [人物声音]
#053 [人物声音]
#054 [人物声音]
#055 [人物声音]
#056 [人物声音]
#057 [人物声音]
#058 [人物声音]
#059 [人物声音]
#060 [人物声音]
#061 [人物声音]
#062 [人物声音]
#063 [人物声音]
#065 [人物声音]
#066 [人物声音]
#067 [人物声音]
#068 [人物声音]
#069 [人物声音]
#070 [人物声音]
#071 [人物声音]
#072 [人物声音]
#073 [人物声音]
#074 [人物声音]
#075 [人物声音]
#076 [人物声音]
#077 [人物声音]
#081 [人物声音]
#091 [人物声音]
#092 [人物声音]
#093 [人物声音]

-----------------------------------------------------------
 [音效]

#000 [音效]
#001 [音效]
#002 [音效]
#003 [音效]
#004 [音效]
#005 [音效]
#006 [音效]
#007 [音效]
#008 [音效]
#009 [音效]
#010 [音效]
#011 [音效]
#012 [音效]
#013 [音效]
#014 [音效]
#025 [音效]
#026 [音效]
#027 [音效]
#028 [音效]
#029 [音效]
#030 [音效]
#031 [音效]
#032 [音效]
#033 [音效]
#034 [音效]
#035 [音效]
#036 [音效]
#037 [音效]
#038 [音效]
#039 [音效]
#040 [音效]
#041 [音效]
#042 [音效]
#043 [音效]
#044 [音效]
#050 [音效]
#052 [音效]
#064 [音效]
#078 [音效]
#079 [音效]
#080 [音效] <时间="5">
#082 [音效] <时间="5">
#083 [音效]
#084 [音效]
#085 [音效]
#086 [音效]
#087 [音效]
#088 [音效]
#089 [音效]
#090 [音效]
#094 [音效]
#095 [音效]
#136 [音效]

  ■出品
  吞食天地 II - 赤壁之战 -G.S.M. Capcom 7- / Alfh Lyra
  Pony Canyon / Scitron  PCCB-00133  Aug 20, 1993

  ■中文列表编辑
  单行本
  http://www.chinaemu.cn

$end
