$name=1943
$default=018
//$songmax=050
$main

#018 クレジット <0:01.5>
#032 対空戦A (Round 1, 2, 7, 10, 13, 16) <1:28.9>
#033 対艦戦A (Round 1-利根, 2-加賀, 7-伊勢, 10-陸奥, 13-蒼龍) <1:30.2>
#042 亜也虎 (Round 3, 9) <0:54.9>
#043 作戦成功I (撃破率表示1) <0:08>
#039 補給 (ボーナスカウント) <0:10.5>
//サントラ未収録
#034 対空戦B (Round 3, 4, 8, 14) <1:17.4>
#035 対艦戦B (Round 4-扶桑, 8-飛龍) <1:27.3>
#045 作戦失敗 (撃破率表示2) <0:08>
#036 対空戦C (Round 5, 9, 12, 15) <1:27>
#037 対艦戦C (Round 5-赤城, 12-山城, 15-長門, 16-大和) <1:43.1>
#041 大飛龍 (Round 6, 11) <1:01.5>
#044 作戦成功II (撃破率表示3) <0:08.5>
#048 対空戦D (Round 6, 11) <1:37.8>
#049 ラスト亜也虎 (Round 14) <0:49.3>
#040 ラスト・ステージ・クリア <0:53>
#050 アメリカ国歌 (星条旗よ永遠なれ) <0:24>
#047 スタッフロール <0:48>
//サントラ未収録
#020 コンティニュー <0:13>
//サントラ未収録
#046 ゲームオーバー <0:08>
//サントラ未収録

-----------------------------------------------------------
 [SE]

#001 [SE]
#002 [SE]
#003 [SE]
#004 [SE]
#005 [SE]
#006 [SE]
#007 [SE]
#008 [SE]
#009 [SE]
#010 [SE]
#011 [SE]
#012 [SE]
#013 [SE]
#014 [SE]
#015 [SE]
#016 [SE]
#017 [SE]
#018 [SE]
#019 [SE]
#021 [SE]
#022 [SE]
#023 [SE]
#024 [SE]
#025 [SE]
#026 [SE]
#027 [SE]
#028 [SE]
#029 [SE]
#030 [SE]

  ■出典
  カプコン・ゲーム・ミュージック　VOL.3
  ALFA RECORDS  28XA-204  1988.04.20

  カプコン・ゲーム・ミュージック　VOL.3 (LEGEND SERIES)
  SME / SCITRON  SCDC-00198  2002.07.24

// List updated by NK
$end