$name=1943kai
$default=018
//$songmax=052
$main

#018 クレジット <0:01.5>
#032 対空戦A (Round 1, 5, 10) <0:57.4>
#035 対艦戦A (Round 1-加賀, 5-伊勢) <0:42.1>
#045 亜也虎I (Round 2) <0:52.1>
//サントラ未収録
#039 作戦成功I (撃破率表示1) <0:09>
#042 補給 (ボーナスカウント) <0:10>
//サントラ未収録
#033 対空戦B (Round 2, 8) <2:17.4>
#036 対艦戦B (未使用曲) <0:50.6>
#041 作戦失敗 (撃破率表示2) <0:07>
//サントラ未収録
#034 対空戦C (Round 3, 6, 7, 9) <2:05.3>
#037 対艦戦C (Round 3-山城, 7-赤城, 8-飛龍, 9-長門) <1:35.7>
#046 亜也虎II (Round 6) <0:42.6>
//サントラ未収録
#040 作戦成功II (撃破率表示3) <0:09>
//サントラ未収録
#052 対空戦D (Round 4) <1:36.9>
//サントラ未収録
#048 大飛龍 (Round 4) <1:04.77>
//サントラ未収録
#047 ラスト亜也虎 (Round 8) <0:53.2>
//サントラ未収録
#049 大和 (Round 10) <1:29.2>
#051 ラスト・ステージ・クリア <0:36>
//サントラ未収録
#050 アメリカ国歌 (星条旗よ永遠なれ) <0:25>
//サントラ未収録
#044 スタッフロール <0:56.6>
//サントラ未収録
#020 コンティニュー <0:14>
//サントラ未収録
#043 ゲームオーバー <0:07>
//サントラ未収録

-----------------------------------------------------------
 [SE]

#001 [SE]
#002 [SE]
#003 [SE]
#004 [SE]
#005 [SE]
#006 [SE]
#007 [SE]
#008 [SE]
#009 [SE]
#010 [SE]
#011 [SE]
#012 [SE]
#013 [SE]
#014 [SE]
#015 [SE]
#016 [SE]
#017 [SE]
#018 [SE]
#019 [SE]
#021 [SE]
#022 [SE]
#023 [SE]
#024 [SE]
#025 [SE]
#026 [SE]
#027 [SE]
#028 [SE]
#029 [SE]
#030 [SE]

  ■出典
  大魔界村 -G.S.M. CAPCOM 1- / アルフ ライラ ワ ライラ
  PONY CANYON / SCITRON  D28B0011  1989.01.11

  セルピュータ・トライアル
  SULEPUTER  CFCP-0001  1998.05.31
    &lt;"対空戦C"収録&gt;

// List contribution by NK
$end