$name=1944
$default=027
$main

#027 Opening
#003 BGM 1 (Stage 1 The Deep Blue)
#013 Target (高速駆逐艦 「凪」、新型重戦車 「遉兜」、試作攻撃機 「茜」、巡航戦車 「烽」、大陸間爆撃機 「穹王」、特型攻撃機 「遙」、対潜巡洋艦 「戒」、多砲塔戦車 「礎」、中型爆撃機 「暁」、超弩級戦艦 「隗神」、防空戦艦 「勇」、双胴輸送艦 「猛」、大型戦闘機 「嵐」、軌道式戦車 「極」、移動要塞 「遖砦」)
#014 Stage Clear
#012 BGM 2 (Stage 2 Iron Beast Warcry, Stage 5 Eagle Territory, Stage 10 Storm Fortress, Stage 15 Bell of Triumph)
#001 BGM 3 (Stage 3 Jungle Fight)
#002 BGM 4 (Stage 4 The Rock Fortress)
#008 BGM 5 (Stage 6 Devil Mountain)
#005 BGM 6 (Stage 7 Nightmare Valley)
#011 BGM 7 (Stage 8 Fields of War)
#009 BGM 8 (Stage 9 Muddy Interceptor)
#004 BGM 9 (Stage 11 Oil Legion)
#007 BGM 10 (Stage 12 Leviathan's Mouth)
#010 BGM 11 (Stage 13 Battle of Green Field)
#006 BGM 12 (Stage 14 The Last Duel)
#025 Ending
#015 Ranking
#016 Continue
#026 Game Over
#024 Unused

-----------------------------------------------------------
 [SE]

#032 [SE] Credit
#028 [SE]
#029 [SE]
#030 [SE]
#031 [SE]
#033 [SE]
#034 [SE]
#035 [SE]
#036 [SE]
#037 [SE]
#038 [SE]
#039 [SE]
#040 [SE]
#041 [SE]
#042 [SE]
#043 [SE]
#044 [SE]
#045 [SE]
#046 [SE]
#047 [SE]
#048 [SE]
#049 [SE]
#050 [SE]
#051 [SE]
#052 [SE]
#053 [SE]
#054 [SE]
#056 [SE]
#057 [SE]
#058 [SE]
#059 [SE]
#060 [SE]
#061 [SE]
#064 [SE]
#065 [SE]
#066 [SE]
#067 [SE]
#068 [SE]
#069 [SE]
#070 [SE]
#071 [SE]
#072 [SE]
#073 [SE]
#074 [SE]
#075 [SE]
#076 [SE]
#077 [SE]
#078 [SE]
#079 [SE]
#080 [SE]
#081 [SE]
#082 [SE]
#083 [SE]
#084 [SE]
#085 [SE]
#086 [SE]
#087 [SE]
#088 [SE]
#089 [SE]
#090 [SE]
#091 [SE]
#092 [SE]
#093 [SE]
#094 [SE]
#095 [SE]
#096 [SE]
#097 [SE]
#099 [SE]
#100 [SE]
#101 [SE]
#102 [SE]
#103 [SE]
#104 [SE]
#105 [SE]
#106 [SE]
#107 [SE]
#108 [SE]
#109 [SE]
#110 [SE]
#111 [SE]
#112 [SE]
#113 [SE]
#114 [SE]
#115 [SE]
#116 [SE]
#118 [SE]
#119 [SE]
#120 [SE]
#121 [SE]
#122 [SE]
#123 [SE]
#124 [SE]
#125 [SE]
#128 [SE]
#129 [SE]
#130 [SE]
#132 [SE]
#133 [SE]
#134 [SE]
#136 [SE]
#137 [SE]
#139 [SE]
#140 [SE]
#141 [SE]
#142 [SE]
#143 [SE]
#144 [SE]
#145 [SE]
#146 [SE]
#147 [SE]
#148 [SE]
#149 [SE]
#152 [SE]
#153 [SE]
#154 [SE]
#155 [SE]
#156 [SE]
#157 [SE]
#158 [SE]
#159 [SE]
#160 [SE]
#161 [SE]
#162 [SE]
#163 [SE]
#164 [SE]
#165 [SE]
#166 [SE]
#167 [SE]
#168 [SE]
#169 [SE]
#170 [SE]
#171 [SE]
#173 [SE]
#174 [SE]
#176 [SE]
#177 [SE]
#178 [SE]
#179 [SE]
#180 [SE]
#181 [SE]
#182 [SE]
#183 [SE]
#184 [SE]
#185 [SE]
#186 [SE]
#187 [SE]
#188 [SE]
#189 [SE]
#190 [SE]
#191 [SE]
#192 [SE]
#193 [SE]
#196 [SE]
#197 [SE]
#198 [SE]
#199 [SE]
#201 [SE]
#202 [SE]
#203 [SE]
#204 [SE]
#205 [SE]
#206 [SE]
#207 [SE]
#208 [SE]
#209 [SE]
#210 [SE]
#211 [SE]
#212 [SE]
#213 [SE]
#214 [SE]
#215 [SE]
#216 [SE]
#217 [SE]
#218 [SE]
#219 [SE]
#220 [SE]
#221 [SE]
#222 [SE]
#223 [SE]
#224 [SE]
#225 [SE]
#226 [SE]
#227 [SE]
#228 [SE]
#229 [SE]
#230 [SE]
#231 [SE]
#232 [SE]
#233 [SE]
#234 [SE]
#235 [SE]
#236 [SE]
#237 [SE]
#238 [SE]
#239 [SE]

// List contribution by NK
$end