$name=blockout
$default=008
$main

#008 Title
#048 [voice] I am a block master... And I dare you to defeat me at block out... Challenge me... <0:13>
#032 Coin Inserted <0:03>
#003 Round Select
#019 [voice] Challenge me... <0:03>
#007 BGM 1
#002 Round Clear
#050 [voice] You are a worthy opponent... But I won't lose the next game... <0:09>
#009 BGM 2
#013 BGM 3
#011 BGM 4
#012 BGM 5
#014 BGM 6
#005 You Lost
#004 Name Entry
#049 [voice] I warned you nobody beats me...

#006 BGM 1 &lt;simple style&gt;
#010 BGM 4 &lt;simple style&gt;

-----------------------------------------------------------
 [VOICE]

#016 [voice] I am a block master... <0:04>
#017 [voice] And I dare you <0:02>
#018 [voice] to defeat me at block out... <0:04>
#019 [voice] Challenge me...
#021 [voice] I warned you <0:02>
#022 [voice] nobody beats me...
#023 [voice] You are a worthy opponent... <0:04>
#024 [voice] But I won't lose the next game...
#051 [voice] Block out...

-----------------------------------------------------------
 [SE]

#020 [SE]
#026 [SE]
#027 [SE]
#028 [SE]
#029 [SE]
#030 [SE]
#031 [SE]
#032 [SE]
#033 [SE]
#034 [SE]
#052 [SE]

// List Contribution by NK
$end