$name=brival
$default=153
$main

#153 Opening Demo <0:20>
#225 Title
#133 Player Select
#154 VS.
#131 Arnold Stage
#140 Hurry Up!
#136 Stage-End
#138 New Challenger!
#144 Asuka Stage
#141 Craze Stage
#130 Santana Stage
#129 Bill Stage
#142 Jackson Stage
#132 Mr. Chin Stage
#139 Shingen Stage
#146 Arnold Ending
#152 Asuka Ending
#149 Craze Ending
#145 Santana Ending
#147 Bill Ending
#150 Jackson Ending
#148 Mr. Chin Ending
#151 Shingen Ending
#143 Staff Roll
#137 Continue
#135 Game Over

#155 Unused 1
#156 Unused 2

-----------------------------------------------------------
 [VOICE]

#016 [voice]
#017 [voice]
#018 [voice]
#019 [voice]
#020 [voice]
#021 [voice]
#022 [voice]
#023 [voice]
#024 [voice]
#025 [voice]
#026 [voice]
#027 [voice]
#028 [voice]
#029 [voice]
#030 [voice]
#031 [voice]
#032 [voice]
#033 [voice]
#034 [voice]
#035 [voice]
#036 [voice]
#037 [voice]
#038 [voice]
#039 [voice]
#040 [voice]
#041 [voice]
#042 [voice]
#043 [voice]
#044 [voice]
#045 [voice]
#047 [voice]
#048 [voice]
#049 [voice]
#050 [voice]
#051 [voice]
#052 [voice]
#053 [voice]
#054 [voice]
#055 [voice]
#056 [voice]
#057 [voice]
#058 [voice]
#059 [voice]
#060 [voice]
#061 [voice]
#062 [voice]
#063 [voice]
#064 [voice]
#065 [voice]
#066 [voice]
#067 [voice]
#068 [voice]
#069 [voice]
#070 [voice]
#071 [voice]
#072 [voice]
#073 [voice]
#074 [voice]
#075 [voice]
#076 [voice]
#077 [voice]
#078 [voice]
#079 [voice]
#080 [voice]
#081 [voice]
#082 [voice]
#083 [voice]
#084 [voice]
#085 [voice]
#086 [voice]
#087 [voice]
#088 [voice]
#089 [voice]
#090 [voice]
#091 [voice]
#092 [voice]
#093 [voice]
#094 [voice]
#095 [voice]
#096 [voice]
#097 [voice]
#098 [voice]
#099 [voice]
#100 [voice]
#101 [voice]
#102 [voice]
#103 [voice]
#104 [voice]
#105 [voice]
#106 [voice]
#107 [voice]
#108 [voice]
#109 [voice]
#110 [voice]
#111 [voice]
#112 [voice]
#113 [voice]
#114 [voice]
#115 [voice]
#116 [voice]
#117 [voice]
#118 [voice]
#119 [voice]
#120 [voice]
#121 [voice]
#122 [voice]
#124 [voice]
#125 [voice]
#126 [voice]
#169 [voice]
#170 [voice]
#171 [voice]
#194 [voice]
#208 [voice]
#209 [voice]
#210 [voice]
#211 [voice]
#212 [voice]
#213 [voice]
#214 [voice]
#215 [voice]
#216 [voice]
#217 [voice]
#218 [voice]
#219 [voice]
#220 [voice]
#221 [voice]
#222 [voice]
#223 [voice]
#224 [voice]
#225 [voice]
#226 [voice]
#227 [voice]
#228 [voice]
#229 [voice]
#230 [voice]
#231 [voice]
#232 [voice]
#233 [voice]
#236 [voice]
#249 [voice]
#250 [voice]
#251 [voice]

-----------------------------------------------------------
 [SE]

#240 [SE] Credit
#046 [SE]
#167 [SE]
#168 [SE]
#172 [SE]
#173 [SE]
#174 [SE]
#175 [SE]
#176 [SE]
#177 [SE]
#178 [SE]
#179 [SE]
#180 [SE]
#181 [SE]
#182 [SE]
#183 [SE]
#184 [SE]
#185 [SE]
#186 [SE]
#187 [SE]
#188 [SE]
#189 [SE]
#190 [SE]
#191 [SE]
#192 [SE]
#193 [SE]
#195 [SE]
#196 [SE]
#197 [SE]
#198 [SE]
#199 [SE]
#200 [SE]
#201 [SE]
#202 [SE]
#203 [SE]
#204 [SE]
#205 [SE]
#206 [SE]
#207 [SE]
#234 [SE]
#235 [SE]
#241 [SE]
#242 [SE]
#243 [SE]
#244 [SE]
#246 [SE]
#247 [SE]
#248 [SE]

// List Contribution by NK
$end