$name=captcomm
$default=032
$main

#032 CREDIT <0:02>
#128 GAME START <0:05>
#142 PLAYER SELECT <0:20.5>
#129 STAGE 1 (City) <1:52.7>
#147 BOSS 1 (ドルグ) <0:26.6>
#130 STAGE 2 (Museum) <1:53>
#148 BOSS 2 (シュトルムJr.) <1:03.5>
#131 STAGE 3 (Ninja House) <1:57.1>
#149 BOSS 3 (ヤマト) <0:28.4>
#132 STAGE 4-1 (Circus Camp) <1:36.2>
#156 STAGE 4-2 (闘技場) <0:21.5>
#150 BOSS 4 (モンスター) <1:40.5>
#133 STAGE 5 (Sea Port) <2:01>
#151 BOSS 5 (Dr.T.ウォーター) <0:34.9>
#134 STAGE 6 (Aquarium) <2:00.7>
#152 BOSS 6 (シュトルム&ドラッグ) <0:30.5>
#135 STAGE 7 (Underground Base) <1:49.9>
#153 BOSS 7 (ブラッド) <1:22>
#136 STAGE 8 (Enemy's Spaceship) <2:09.8>
#154 BOSS 8 (ドッペルゲンガー) <1:24.2>
#137 STAGE 9 (Callisto) <1:36.9>
#155 最終BOSSの部屋 <0:37.7>
#157 最終BOSS (ジェノサイド) <0:43.1>
#138 STAGE CLEAR <0:08>
#143 ENDING <0:20>
#158 STAFF ROLL <1:19.5>
#139 CONTINUE <0:20.8>
#140 GAME OVER <0:06>
#141 NAMING <0:25.2>

-----------------------------------------------------------
 [VOICE]

#062 [voice] Captain Commando
#033 [voice] Jennety
#087 [voice] Mack The Knife (海外版Jennety)
#078 [voice] Sho
#097 [voice] Ginzu The Ninja (海外版Sho)
#085 [voice] Hoover
#098 [voice] Baby Head (海外版Hoover)
#012 [voice]
#013 [voice]
#014 [voice]
#015 [voice]
#042 [voice]
#043 [voice]
#067 [voice]
#071 [voice]
#072 [voice]
#073 [voice]
#075 [voice]
#076 [voice]
#077 [voice]
#081 [voice]
#083 [voice]
#084 [voice]
#086 [voice]
#088 [voice]
#091 [voice]
#092 [voice]
#096 [voice]
#100 [voice]
#104 [voice]
#105 [voice]
#032 [voice] Commando (Credit)
#082 [voice] 歓声

-----------------------------------------------------------
 [SE]

#000 [SE]
#001 [SE]
#002 [SE]
#003 [SE]
#004 [SE]
#005 [SE]
#006 [SE]
#007 [SE]
#008 [SE]
#009 [SE]
#010 [SE]
#011 [SE]
#016 [SE]
#017 [SE]
#018 [SE]
#019 [SE]
#020 [SE]
#021 [SE]
#022 [SE]
#023 [SE]
#024 [SE]
#025 [SE]
#026 [SE]
#027 [SE]
#028 [SE]
#029 [SE]
#030 [SE]
#031 [SE]
#034 [SE]
#035 [SE]
#036 [SE]
#037 [SE]
#038 [SE]
#039 [SE]
#040 [SE]
#041 [SE]
#044 [SE]
#045 [SE]
#050 [SE]
#051 [SE]
#052 [SE]
#053 [SE]
#054 [SE]
#055 [SE]
#056 [SE]
#057 [SE]
#058 [SE]
#059 [SE]
#060 [SE]
#061 [SE]
#063 [SE]
#066 [SE]
#068 [SE]
#069 [SE]
#070 [SE]
#074 [SE]
#079 [SE]
#080 [SE]
#090 [SE]
#093 [SE]
#094 [SE]
#095 [SE]
#099 [SE]
#101 [SE]
#102 [SE]
#103 [SE]
#106 [SE]
#107 [SE]
#108 [SE]
#144 [SE]
#145 [SE]
#146 [SE]
#159 [SE]
#089 [SE]

  ■出典
  CAPTAIN COMMANDO -G.S.M. CAPCOM 5- / ALFH LYRA
  PONY CANYON / SCITRON  PCCB-00083  1992.03.21

// List Contributed by BLADE
// Updated by NK
$end