$name=daytona2
$default=$02
$songmax=$FFF
$main

$02 SLING SHOT
$03 I CAN DO IT
$04 SKYSCRAPER SEQUENCE
$09 TIPS TO WIN
$0A SELECTOR
$0C BEGINNER ENDING
$0D ADVANCED ENDING
$0E EXPERT ENDING
$0B NAME ENTRY

$0F (BEGINNER COURSE GOAL)
$10 (ADVANCED COURSE GOAL)
$11 (EXPERT COURSE GOAL)

$05 BATTLE ON THE EDGE
$06 SLING SHOT
$07 I CAN DO IT
$08 SKYSCRAPER SEQUENCE

■出典
  PONY CANYON / Marvelous Entertainment inc.  MJCA-00025
  DAYTONA USA 2 BATTLE ON THE EDGE SOUND TRACKS

■Vocal
  Dennis St. James
  $02, $03, $04

  光吉 猛修 (MITSUYOSHI,Takenobu)
  $05, $06, $07, $08

※未完成リスト
　アルバムに収録されている曲、実際にゲームで確認した曲の多くが
　再生確認できていません（2007/05/04現在）
　BATTLE ON THE EDGEのDennisヴァージョンなど。

※()表記のタイトルはリスト制作者が独自の判断で付けたものです。


Lyrics
----------------------------------------
BATTLE ON THE EDGE

Leave others in the dust
Don't let them get in your way
Fight the monsters, Show your power
Massive steel, You wild thing

Fumes of burning hot blood of the car
Storming around me

Engine's hot, but I stay cool
Tighten you seat Belt
Engine's plays a rockin beat
Show me what you can do

Engine's hot, but I stay cool
Kick the gas to the floor
Engine's plays a rockin beat
Show me what you can do

Victory is yours

-Words by Ryoichi Hasegawa & Fumio Ito (SEGA)
-Music Composed by Fumio Ito (SEGA)

-Vocal Performance & Arrangement : Dennis St. James
-Drums : Rod Morganstain
-Bass : Zev Katz
-E.Guitar : Reb Beach
-Other Synth Programming : Fumio Ito


----------------------------------------
SLING SHOT

Feel the heartbeat of my machine, through this tight seat
I feel every motion of my machine

The race starts when tow of us become one
Bright lights fill my eyes
You have no choice but to race
There's no escape, no (mistake you can make)

*

Passion of my spirit (flaming) Fusion of the engine (blazing)
traction of the tires kicking up road
(overcome the rising tension)
Overtake your rivals (burning) Can you see what's up the
road? a mirage

Hear the heavenly melody, My machine sings
I sense every rotation of all four wheels

To be master of ceremony, I aim at the top
Race each other side by side
You have no choice but to win
There's no excuse, no (mercy you can beg)

**

Passion of my spirit (flaming) Fusion of the engine (blazing)
traction of the tires kicking up road
(overcome the rising tension)
Overtake your rivals (burning) Can you see what's up a
head? a mirage

The race starts when tow of us become one
Bright lights fill my eyes
You have no choice but to race
There's no escape, no (mistake you can make)

Passion of my spirit (flaming) Fusion of the engine (blazing)
traction of the tires kicking up road
(overcome the rising tension)
Overtake your rivals (burning) Can you see what's up the
road? a mirage

*  repeat
*  repeat
** repeat

Passion of my spirit (flaming)
Fusion of the engine (blazing)
Emotions I can't control
(the goddess of victory awaits you)

Drive into the final turn (burning)
The checker flag you'll see is no mirage

-Words by Ryoichi Hasegawa & Fumio Ito (SEGA)
-Music Composed by Fumio Ito (SEGA)

-Vocal Performance & Arrangement : Dennis St. James
-Drums : Rod Morganstain
-Bass : Zev Katz
-Keyboard : Albert Menendez
-E.Guitar : Ira Siegel
-Other Synth Programming : Fumio Ito
-Guitar Solo : Ira Siegel


----------------------------------------
I CAN DO IT

For split second, I give everything I got
I know, I can do it

My sight goes fading black, My sense flashes razor sharp
I'd give my life for this excitement
Body creaks, and tires scream, I'll take every chance
Thats what I'm here for, Cheer of the crowds
Thats what, I deserve

I'll grab on to your dreams, By any means I got
I know, I can do it

My sight goes fading black, My sense flashes razor sharp
I'd give my life for this excitement
Iron beast, roaring in front of me
Shaking the crowd, Going wild
Shaking the track, Even the earth

My sight goes fading black, My sense flashes razor sharp
I'd give my life for this excitement

My sight goes fading black, My sense flashes razor sharp
I race to feel this forbidden Ecstasy

My sight goes fading black, My sense flashes razor sharp
I'd give my life for this excitement
Body creaks, and tires scream, I'll take every chance
Thats what I'm here for, Taste of victory
Thats what, I race for

-Words by Ryoichi Hasegawa & Takenobu Mitsuyoshi (SEGA)
-Music Composed by Takenobu Mitsuyoshi (SEGA)

-Vocal Performance & Arrangement : Dennis St. James
-Drums : Rod Morganstain
-Bass : Zev Katz
-E.Guitar : Reb Beach
-Other Synth Programming : Takenobu Mitsuyoshi
-Guitar Solo : Reb Beach


----------------------------------------
SKYSCRAPER SEQUENCE

Piercing through 35th to the east
Sunlight casts a shadow in front
Neon lights glow in the air
Subway noise coming from bellow

The time is almost sunset, And hot air covers the city
Sparks fly from cars and light skyscrapers

*

Streets filled with lights
Like a star gate from an old Sci-Fi movie
My mind filled with delights
Voyager for the treasure of pleasure

I don't give a glance to the rear view mirror
I know you are all behind me
Grace and elegance that's what you need
Not only for the race but for your way of life

This is the race for an ace of aces
No open grid for rookies
Meter revs up to the Limit
Beginner's luck means nothing here
No pain no gain

With the speed of lightning, Griding down the street
The howl of cars speed into the twilight sky

I'll teach you some lessons
I'll show you what Technique really means
You'd better listen to me
Victory is the only true pleasure

I don't give a glance in the rear view mirror
I know you are all behind me
Power and aggression that's what you need
Not only for the race but for your way of life

The time is almost sunset, And hot air covers the city
Sparks fly from cars and light skyscrapers

* repeat
* repeat

-Words by Ryoichi Hasegawa & Fumio Ito (SEGA)
-Music Composed by Fumio Ito (SEGA)

-Vocal Performance & Arrangement : Dennis St. James
-Drum Programming : Sam Merendino
-Keyboard : Albert Menendez
-E.Guitar : Ira Siegel
-Other Synth Programming : Fumio Ito & Sushi
-Keyboard Solo : Albert Menendez
-Guitar Solo : Ira Siegel


$end