$name=gowcaizr
$default=002
$main

#002 NEO-GEO Logo
#033 愛ゴウカイザー (オープニング)
#057 愛ゴウカイザー (タイトル)
#035 カイザービート (プレイヤーセレクト)
#038 全開戦士ゴウカイザー (ゴウカイザー テーマ)
#050 勝ちました… (勝利者デモ)
#039 Come On Baby! てかぁー (キャプテン・アトランティス テーマ)
#040 月光奇譚 (不動丸 テーマ)
#037 Psycho Eyes (ヘルスティンガー テーマ)
#045 崩れる砂 (紫紅京介 テーマ)
#046 負けるな変身番長ブライダー (ブライダー テーマ)
#052 勇者の背中 (中間デモ)
#044 私が相手だ (乱入モード)
#041 天晴娘々大冒険 (華鈴 テーマ)
#047 ハートジャックに恋をして (シャイア テーマ)
#043 喧嘩演舞 (神龍 テーマ)
#048 FACTORY MARION (マリオン テーマ)
#042 W. JUNGLE (プラトニック・ツインズ テーマ)
#049 KENGORYTHM (ラストボス 王牙 テーマ)
#051 キンコンカンコン (エンディング1)
#055 超人への道 (エンディング2)
#053 野望 (エンディング3)
#034 やっぱり愛ってさぁ… (スタッフロール)
#056 炎の10カウント (コンティニュー)
#054 立て! 立つんだゴー (ゲームオーバー)
#036 未使用曲
//サントラ未収録

-----------------------------------------------------------
 [VOICE]  ※その他不明

#241 [voice]

-----------------------------------------------------------
 [SE]

#097 [SE]
#098 [SE]
#099 [SE]
#100 [SE]
#101 [SE]
#102 [SE]
#103 [SE]
#104 [SE]
#127 [SE]
#192 [SE]
#193 [SE]
#194 [SE]
#195 [SE]
#196 [SE]
#197 [SE]
#198 [SE]
#199 [SE]
#200 [SE]
#201 [SE]
#202 [SE]
#203 [SE]
#204 [SE]
#205 [SE]
#206 [SE]
#207 [SE]
#208 [SE]
#209 [SE]
#210 [SE]
#211 [SE]
#212 [SE]
#213 [SE]
#214 [SE]
#215 [SE]
#216 [SE]
#217 [SE]
#218 [SE]
#219 [SE]
#220 [SE]
#221 [SE]
#222 [SE]
#223 [SE]
#224 [SE]
#225 [SE]
#226 [SE]
#227 [SE]
#228 [SE]
#229 [SE]
#230 [SE]
#231 [SE]
#232 [SE]
#233 [SE]
#234 [SE]
#235 [SE]
#236 [SE]
#237 [SE]
#238 [SE]
#239 [SE]
#240 [SE]
#242 [SE]

  ■出典
  超人学園ゴウカイザー / テクノスジャパン
  PONY CANYON / SCITRON  PCCB-00176  1995.06.21

// List Contribution by NK
$end