$name=indytemp
$default=070
$main

#070 [voice] Welcome...
#010 Title
#029 Credit
#042 Game Start
#016 Difficulty Level Select
#011 Free the Children
#009 The Cart Scene
#012 Sankara Stone Part 1
#015 Sankara Stone Part 2
#013 Cross the Rope Bridge

#004 Music Chip Test
#005 POKEY Chip Test

-----------------------------------------------------------
 [VOICE]

#008 [voice]
#060 [voice]
#061 [voice]
#062 [voice]
#063 [voice]
#064 [voice]
#065 [voice]
#066 [voice]
#067 [voice]
#068 [voice]
#069 [voice]
#070 [voice]
#071 [voice]
#072 [voice]
#073 [voice]
#074 [voice]
#075 [voice]
#076 [voice]
#077 [voice]
#078 [voice]
#079 [voice]
#080 [voice]
#081 [voice]
#082 [voice]
#083 [voice]
#084 [voice]
#085 [voice]
#086 [voice]
#087 [voice]
#088 [voice]
#089 [voice]
#090 [voice]
#091 [voice]
#092 [voice]
#093 [voice]
#094 [voice]
#095 [voice]
#096 [voice]
#097 [voice]
#098 [voice]
#099 [voice]
#100 [voice]
#101 [voice]
#102 [voice]
#103 [voice]
#104 [voice]
#105 [voice]
#106 [voice]
#107 [voice]
#108 [voice]
#109 [voice]
#110 [voice]
#111 [voice]
#112 [voice]
#113 [voice]
#114 [voice]
#115 [voice]
#116 [voice]
#117 [voice]
#118 [voice]
#119 [voice]
#120 [voice]
#121 [voice]
#122 [voice]
#123 [voice]
#124 [voice]
#125 [voice]
#126 [voice]
#127 [voice]
#128 [voice]
#129 [voice]
#130 [voice]
#131 [voice]
#132 [voice]
#133 [voice]
#134 [voice]
#135 [voice]
#136 [voice]
#137 [voice]
#138 [voice]
#139 [voice]
#140 [voice]
#141 [voice]
#142 [voice]
#143 [voice]
#144 [voice]
#145 [voice]
#146 [voice]
#147 [voice]
#148 [voice]
#149 [voice]
#150 [voice]

-----------------------------------------------------------
 [SE]

#026 [SE]
#027 [SE]
#028 [SE]
#029 [SE]
#030 [SE]
#031 [SE]
#032 [SE]
#033 [SE]
#034 [SE]
#035 [SE]
#036 [SE]
#037 [SE]
#038 [SE]
#039 [SE]
#040 [SE]
#041 [SE]
#043 [SE]
#044 [SE]
#045 [SE]
#046 [SE]
#047 [SE]
#048 [SE]
#049 [SE]
#050 [SE]
#051 [SE]
#052 [SE]
#053 [SE]
#054 [SE]
#055 [SE]
#056 [SE]
#058 [SE]
#059 [SE]

// List Contribution by NK
$end