$name=knights
$default=000
//$songmax=116
$main

#000 DEMO <1:58>
#099 CREDIT <0:02>
#026 PLAYER SELECT <0:31>
#027 MINI MAP
#001 ROUND 1 (ë∫) <2:03>
#013 ROUND 1 BOSS <0:43>
#011 ROUND CLEAR
#002 ROUND 2 (êÌèÍ) <2:16>
#014 ROUND 2 BOSS <0:30>
#003 ROUND 3 (èÈ) <2:13>
#015 ROUND 3 BOSS <0:32>
#012 ROUND 3 CLEAR
#004 ROUND 4-1 (ãRémç’) <1:19>
#029 íÜä‘ínì_
#005 ROUND 4-2 (äCä›ê¸) <0:54>
#006 ROUND 5 (äCä›ê¸) <1:48>
#016 ROUND 5 BOSS <0:38>
#007 ROUND 6-1 (èÈâ∫í¨) <1:42>
#008 ROUND 6-2 (ì¥åA) <1:19>
#017 ROUND 6 BOSS <1:01>
#009 ROUND 7 (èÈ) <2:22>
#019 ROUND 7 BOSS 1 <0:41>
#018 ROUND 7 BOSS 2 <1:01>
#030 CLEAR
#020 LAST STAGE CLEAR
#010 ROUND 8 <1:17>
#024 ENDING <1:10>
#022 STAFF ROLL <1:45>
#023 CONTINUE <0:37>
#025 GAME OVER
#028 RANKING <0:27>

-----------------------------------------------------------
 [VOICE]

#032 [voice]
#033 [voice]
#034 [voice]
#035 [voice]
#036 [voice]
#037 [voice]
#038 [voice]
#039 [voice]
#040 [voice]
#041 [voice]
#042 [voice]
#043 [voice]
#044 [voice]
#046 [voice]
#047 [voice]
#048 [voice]
#049 [voice]
#050 [voice]
#051 [voice]
#052 [voice]
#053 [voice]
#054 [voice]
#055 [voice]
#096 [voice]
#116 [voice]

-----------------------------------------------------------
 [SE]

#045 [SE]
#058 [SE]
#059 [SE]
#060 [SE]
#061 [SE]
#062 [SE]
#063 [SE]
#064 [SE]
#065 [SE]
#066 [SE]
#067 [SE]
#068 [SE]
#069 [SE]
#070 [SE]
#071 [SE]
#072 [SE]
#073 [SE]
#074 [SE]
#075 [SE]
#076 [SE]
#077 [SE]
#080 [SE]
#081 [SE]
#082 [SE]
#085 [SE]
#086 [SE]
#087 [SE]
#088 [SE]
#089 [SE]
#090 [SE]
#092 [SE]
#093 [SE]
#094 [SE]
#095 [SE]
#097 [SE]
#098 [SE]
#099 [SE] Credit
#100 [SE]
#101 [SE]
#102 [SE]
#103 [SE]
#104 [SE]
#105 [SE]
#106 [SE]
#107 [SE]
#108 [SE]
#109 [SE]
#110 [SE]
#111 [SE]
#112 [SE]
#113 [SE]
#115 [SE]

  Å°èoìT
  VARTH -G.S.M. CAPCOM 6- / ALFH LYRA
  PONY CANYON / SCITRON  PCCB-00110  1993.02.19

// List Contribution by NK
$end