$name=megaman2
$default=042
$songmax=959
$main

#042 QSound Logo
//Main QSound
#001 オープニング
#003 プレイヤーセレクト
#004 コースセレクト
#005 VS. ～ステージスタート～
#014 プラントマン (ロックマン6より)
//実際には「ロックマン6」のプラントマンの曲ではなく、「ロックマン2」のクラッシュマンの曲です。
#022 バブルマン (ロックマン2より)
#025 ヒートマン (ロックマン2より)
#017 ジャイロマン (ロックマン5より)
#029 ケンタウロスマン (ロックマン6より)
//実際には「ロックマン6」のケンタウロスマンの曲ではなく、「ロックマン7」のジャンクマンの曲です。
#026 シャドーマン (ロックマン3より)
#006 ステージクリア
#007 武器ゲット
#020 カットマン (ロックマンより)
#027 ダイブマン (ロックマン4より)
#030 ストーンマン (ロックマン5より)
#008 ロール救出
#047 エレキマン (ロックマンより)  &lt;FC版音源・short edit&gt; <0:29>
//サントラ未収録
#021 エレキマン (ロックマンより)
#019 シェードマン (ロックマン7より)
#018 スラッシュマン (ロックマン7より)
#002 ランキング
#013 ナパームマン (ロックマン5より)
#016 ジェミニマン (ロックマン3より)
#015 ガッツマン (ロックマンより)
#009 ネオパーツ奪取
#023 エアーマン (ロックマン2より)
#024 クイックマン (ロックマン2より)
#028 ファラオマン (ロックマン4より)
#010 VS. ～ワイリー～
#032 マッドグラインダー (ロックマン7より)
#031 イエローデビル (ロックマンより)
#033 メカドラゴン (ロックマン2より)
#034 ワイリーマシン
#035 ワイリーカプセル
#011 コンティニュー
#012 ゲームオーバー
#040 脱出
#036 ロックマン エンディング 1
#041 ロックマン エンディング 2
#037 ブルース エンディング
#038 フォルテ エンディング 1
#045 フォルテ エンディング 2
#039 デューオ エンディング 1
#046 デューオ エンディング 2
#044 未使用曲
//サントラ未収録

#043 QSound Logo 2
//Sub QSound

-----------------------------------------------------------
 [VOICE]

#240 [voice]
#241 [voice]
#243 [voice]
#245 [voice]
#246 [voice]
#247 [voice]
#248 [voice]
#249 [voice]
#250 [voice]
#220 [voice]
#219 [voice]
#304 [voice]
#305 [voice]
#306 [voice]
#307 [voice]
#308 [voice]
#309 [voice]
#310 [voice]
#311 [voice]
#312 [voice]
#313 [voice]
#314 [voice]
#315 [voice]
#316 [voice]
#317 [voice]
#318 [voice]
#319 [voice]
#320 [voice]
#321 [voice]
#322 [voice]
#323 [voice]
#324 [voice]
#325 [voice]
#326 [voice]
#327 [voice]
#328 [voice]
#337 [voice]
#330 [voice]
#331 [voice]
#332 [voice]
#333 [voice]
#334 [voice]
#335 [voice]
#336 [voice]
#338 [voice]
#339 [voice]
#340 [voice]
#341 [voice]
#342 [voice]
#343 [voice]
#344 [voice]
#345 [voice]
#346 [voice]
#347 [voice]
#348 [voice]
#349 [voice]
#350 [voice]
#351 [voice]
#352 [voice]
#353 [voice]
#354 [voice]
#355 [voice]
#356 [voice]
#357 [voice]
#358 [voice]
#359 [voice]
#361 [voice]
#362 [voice]
#363 [voice]
#364 [voice]
#365 [voice]
#366 [voice]
#367 [voice]
#368 [voice]
#369 [voice]
#370 [voice]
#371 [voice]
#372 [voice]
#373 [voice]
#374 [voice]
#376 [voice]
#377 [voice]
#378 [voice]
#379 [voice]
#380 [voice]
#381 [voice]
#382 [voice]
#383 [voice]
#384 [voice]
#385 [voice]
#386 [voice]
#387 [voice]
#388 [voice]
#390 [voice]
#391 [voice]
#392 [voice]
#393 [voice]
#394 [voice]
#395 [voice]
#396 [voice]
#436 [voice]
#455 [voice]
#768 [voice]
#769 [voice]
#770 [voice]
#771 [voice]
#772 [voice]
#773 [voice]
#774 [voice]
#775 [voice]
#776 [voice]
#777 [voice]
#778 [voice]
#779 [voice]
#780 [voice]
#781 [voice]
#782 [voice]
#783 [voice]
#784 [voice]
#785 [voice]
#786 [voice]
#787 [voice]
#788 [voice]
#789 [voice]
#790 [voice]
#791 [voice]
#794 [voice]
#795 [voice]
#796 [voice]
#797 [voice]
#798 [voice]
#800 [voice]
#801 [voice]
#802 [voice]
#803 [voice]
#804 [voice]
#805 [voice]
#810 [voice]
#811 [voice]
#814 [voice]
#815 [voice]
#816 [voice]
#817 [voice]
#820 [voice]
#821 [voice]
#822 [voice]
#823 [voice]
#824 [voice]
#825 [voice]
#826 [voice]
#827 [voice]
#828 [voice]
#829 [voice]
#830 [voice]
#831 [voice]
#832 [voice]
#833 [voice]
#834 [voice]
#837 [voice]
#838 [voice]
#839 [voice]
#840 [voice]
#841 [voice]
#842 [voice]
#845 [voice]
#846 [voice]
#849 [voice]
#850 [voice]
#851 [voice]
#852 [voice]
#853 [voice]
#854 [voice]
#855 [voice]
#857 [voice]
#858 [voice]
#859 [voice]
#860 [voice]
#861 [voice]
#864 [voice]
#865 [voice]
#866 [voice]
#867 [voice]
#872 [voice]
#873 [voice]
#874 [voice]
#875 [voice]
#876 [voice]
#880 [voice]
#881 [voice]
#882 [voice]
#883 [voice]
#884 [voice]
#885 [voice]
#886 [voice]

-----------------------------------------------------------
 [SE]

#254 [SE] Credit
#217 [SE]
#218 [SE]
#221 [SE]
#222 [SE]
#223 [SE]
#224 [SE]
#225 [SE]
#226 [SE]
#227 [SE]
#228 [SE]
#229 [SE]
#230 [SE]
#231 [SE]
#232 [SE]
#233 [SE]
#242 [SE]
#251 [SE]
#253 [SE]
#255 [SE]
#256 [SE]
#257 [SE]
#258 [SE]
#259 [SE]
#260 [SE]
#261 [SE]
#262 [SE]
#263 [SE]
#264 [SE]
#265 [SE]
#266 [SE]
#267 [SE]
#268 [SE]
#269 [SE]
#270 [SE]
#271 [SE]
#272 [SE] <0:05>
#273 [SE]
#274 [SE]
#275 [SE]
#276 [SE]
#277 [SE]
#278 [SE]
#279 [SE]
#282 [SE]
#283 [SE]
#284 [SE]
#285 [SE] <0:05>
#286 [SE]
#287 [SE]
#288 [SE]
#289 [SE]
#290 [SE]
#291 [SE]
#292 [SE]
#293 [SE]
#294 [SE]
#295 [SE]
#296 [SE]
#297 [SE]
#298 [SE]
#299 [SE]
#300 [SE]
#301 [SE]
#329 [SE]
#399 [SE]
#400 [SE]
#401 [SE]
#402 [SE]
#403 [SE]
#404 [SE]
#405 [SE]
#406 [SE]
#407 [SE]
#408 [SE]
#409 [SE]
#410 [SE]
#411 [SE]
#412 [SE]
#413 [SE]
#414 [SE]
#415 [SE]
#416 [SE]
#417 [SE]
#418 [SE]
#419 [SE]
#420 [SE]
#421 [SE]
#422 [SE]
#423 [SE]
#424 [SE]
#425 [SE]
#426 [SE]
#427 [SE]
#428 [SE]
#429 [SE]
#430 [SE]
#431 [SE]
#432 [SE]
#433 [SE]
#434 [SE]
#435 [SE]
#438 [SE]
#440 [SE]
#441 [SE]
#442 [SE]
#443 [SE]
#444 [SE]
#445 [SE]
#448 [SE]
#449 [SE]
#450 [SE]
#451 [SE]
#452 [SE]
#453 [SE]
#454 [SE]
#456 [SE]
#457 [SE]
#458 [SE]
#459 [SE]
#460 [SE]
#461 [SE]
#463 [SE]
#464 [SE]
#465 [SE]
#466 [SE]
#467 [SE]
#468 [SE]
#469 [SE]
#470 [SE]
#471 [SE]
#472 [SE]
#473 [SE]
#474 [SE]
#475 [SE]
#476 [SE]
#477 [SE]
#478 [SE]
#479 [SE]
#480 [SE]
#481 [SE]
#482 [SE]
#483 [SE]
#896 [SE]
#897 [SE]
#898 [SE]
#899 [SE]
#900 [SE]
#901 [SE]
#902 [SE]
#912 [SE]
#913 [SE]
#914 [SE]
#915 [SE]
#916 [SE]
#917 [SE]
#918 [SE]
#919 [SE]
#920 [SE]
#921 [SE]
#922 [SE]
#923 [SE]
#928 [SE]
#929 [SE]
#930 [SE]
#931 [SE]
#932 [SE]
#933 [SE]
#944 [SE] <0:05>
#946 [SE]
#947 [SE]
#948 [SE]
#949 [SE]
#950 [SE]
#951 [SE]
#952 [SE]
#953 [SE]
#954 [SE]
#955 [SE]
#956 [SE]
#957 [SE]

  ■出典
  カプコン ゲーム サウンドトラック / ロックマン2 ザ・パワーファイターズ
  Victor Entertainment  VICL-2173  1996.09.21

$end