$name=megaman
$default=049
$main

#049 CAPCOM Logo <0:02>
#001 TITLE
#002 PLAYER SELECT
#003 STAGE SELECT (ROCKMAN 1～2)
#006 STAGE STARTING
#012 STAGE 1 (ナパームマンのテーマより)
#013 STAGE 2 (クラッシュマンのテーマより)
#015 STAGE 3 (ガッツマンのテーマより)
#004 STAGE SELECT (ROCKMAN 3～6)
#017 STAGE 4 (ジャイロマンのテーマより)
#016 STAGE 5 (ジェミニマンのテーマより)
#014 STAGE 6 (シャドーマンのテーマより)
#007 STAGE CLEAR
#008 YOU GOT NEW WEAPON
#005 STAGE SELECT (ROCKMAN 7)
#018 STAGE 7 (ROCKMAN 7 - オープニングステージより)
#023 STAGE 8 (クラウドマンのテーマより)
#019 STAGE 9 (スラッシュマンのテーマより)
#022 STAGE 10 (フリーズマンのテーマより)
#021 STAGE 11 (ジャンクマンのテーマより)
#020 STAGE 12 (シェードマンのテーマより)
#031 STAGE 13 (FROM "MAKAI")
#009 VS. WILY
#024 STAGE WILY BOSS
#025 STAGE WILY MACHINE
#026 STAGE WILY CAPSULE
#010 CONTINUE
#011 GAME OVER
#027 ENDING - ROCKMAN 1
#029 ENDING - FORTE
#028 ENDING - BLUES
#030 ENDING - ROCKMAN 2

-----------------------------------------------------------
 [VOICE]

#044 [voice]
#046 [voice]
#047 [voice]
#048 [voice]
#049 [voice]
#050 [voice]
#051 [voice]
#052 [voice]
#086 [voice]
#087 [voice]
#088 [voice]
#089 [voice]
#090 [voice]
#091 [voice]
#112 [voice]
#113 [voice]
#114 [voice]
#115 [voice]
#116 [voice]
#117 [voice]
#118 [voice]
#119 [voice]
#120 [voice]
#121 [voice]
#122 [voice]
#123 [voice]
#125 [voice]
#126 [voice]
#127 [voice]
#128 [voice]
#129 [voice]
#135 [voice]
#136 [voice]
#137 [voice]
#138 [voice]
#139 [voice]
#140 [voice]
#141 [voice]
#142 [voice]
#143 [voice]
#167 [voice]
#234 [voice]

-----------------------------------------------------------
 [SE]

#041 [SE]
#042 [SE]
#043 [SE]
#045 [SE]
#054 [SE]
#055 [SE]
#056 [SE]
#057 [SE]
#058 [SE]
#060 [SE]
#061 [SE]
#062 [SE]
#063 [SE]
#064 [SE]
#065 [SE]
#066 [SE]
#067 [SE]
#068 [SE]
#069 [SE]
#070 [SE]
#071 [SE]
#072 [SE]
#073 [SE]
#074 [SE]
#075 [SE]
#076 [SE]
#077 [SE]
#078 [SE]
#079 [SE]
#080 [SE]
#081 [SE]
#082 [SE]
#083 [SE]
#084 [SE]
#085 [SE]
#092 [SE]
#093 [SE]
#094 [SE]
#095 [SE]
#096 [SE]
#097 [SE]
#098 [SE]
#099 [SE]
#100 [SE]
#101 [SE]
#102 [SE]
#103 [SE]
#104 [SE]
#105 [SE]
#106 [SE]
#107 [SE]
#108 [SE]
#109 [SE]
#110 [SE]
#111 [SE]
#124 [SE]
#130 [SE]
#131 [SE]
#132 [SE]
#133 [SE]
#134 [SE]
#145 [SE]
#146 [SE]
#147 [SE]
#148 [SE]
#149 [SE]
#150 [SE]
#151 [SE]
#152 [SE]
#153 [SE]
#154 [SE]
#155 [SE]
#156 [SE]
#157 [SE]
#158 [SE]
#159 [SE]
#160 [SE]
#161 [SE]
#162 [SE]
#163 [SE]
#164 [SE]
#165 [SE]
#166 [SE]
#168 [SE]
#169 [SE]
#170 [SE]
#171 [SE]
#172 [SE]
#173 [SE]
#174 [SE]
#175 [SE]
#176 [SE]
#177 [SE]
#178 [SE]
#179 [SE]
#180 [SE]
#181 [SE]
#182 [SE]
#183 [SE]
#184 [SE]
#185 [SE]
#186 [SE]
#187 [SE]
#188 [SE]
#190 [SE]
#191 [SE]
#192 [SE]
#193 [SE]
#194 [SE]
#196 [SE]
#197 [SE]
#198 [SE]
#199 [SE]
#200 [SE]
#204 [SE]
#205 [SE]
#206 [SE]
#207 [SE]
#208 [SE]
#209 [SE]
#210 [SE]
#212 [SE]
#213 [SE]
#214 [SE]
#215 [SE]
#216 [SE]
#217 [SE]
#218 [SE]
#219 [SE]
#220 [SE]
#221 [SE]
#222 [SE]
#223 [SE]
#224 [SE]
#228 [SE]
#229 [SE]
#230 [SE]
#231 [SE]
#232 [SE]
#233 [SE]
#235 [SE]
#236 [SE]
#237 [SE]
#238 [SE]

  ■出典
  ロックマン ザ・パワーバトル  アーケード ゲームトラック
  Sony Records  SRCL-3451  1995.12.01

$end