$name=nam1975
$default=002
$main

#002 NEO-GEO Logo
#048 NAMのテーマ (タイトル・デモ) <0:21>
#040 サブテーマ (セレクト用BGM) <0:31>
#049 BLOOD MISSION (スタート・デモ) <0:19>
#039 戦士達のプロローグ (1エリア) <2:24>
#055 対決 (1エリアボス出現デモ) <0:12>
#035 HAMMER HEAD (ボス[人間]) <1:21>
#057 INTERIM REPORT (中間デモ) <0:29>
#053 市街戦 (2エリア) <1:45>
#051 出発!! (3エリア・デモ) <0:10>
#042 空中戦 (3エリア) <1:53>
#043 大型爆撃機 (大型爆撃機出現デモ) <1:43>
#044 飛行場 (4エリア) <2:03>
#036 メカニック・ウォーズ (ボス[メカ]) <1:51>
#058 軍事工場 (5エリア) <1:53>
#056 SHIVERING (ナンシー・司令官デモ) <0:33>
#050 襲撃 (急襲エリア・デモ 1) <0:02.5>
#046 襲撃 (急襲エリア・デモ 2) <0:06>
#041 襲撃 (急襲エリア) <0:52>
#047 夜戦 (6エリア) <2:13>
#037 LASER WEAPON (最終兵器) <1:16>
#062 GOOD LUCK (エンディング[勝]) <0:27>
#063 記憶の光景 -戦士達のエピローグ- (スタッフ紹介) <0:54>
#061 GAME OVER <0:03>

#054 市街戦 (2エリア) &lt;w/o intro&gt;
#045 大型爆撃機 (大型爆撃機出現デモ) &lt;w/o intro&gt;
#034 メカニック・ウォーズ (ボス[メカ]) &lt;w/o intro&gt;
#038 LASER WEAPON (最終兵器) &lt;w/o intro&gt;

-----------------------------------------------------------
 [VOICE]

#133 [voice]
#134 [voice]
#135 [voice]
#142 [voice]
#144 [voice]
#145 [voice]
#146 [voice]
#147 [voice]
#148 [voice]
#149 [voice]
#150 [voice]
#151 [voice]
#160 [voice]
#161 [voice]
#162 [voice]
#163 [voice]
#167 [voice]
#168 [voice]
#169 [voice]
#170 [voice]
#171 [voice]
#172 [voice]
#173 [voice]
#174 [voice]
#175 [voice]
#176 [voice]
#177 [voice]
#178 [voice]
#179 [voice]
#180 [voice]
#181 [voice]
#182 [voice]
#183 [voice]
#184 [voice]
#185 [voice]
#186 [voice]
#187 [voice]
#188 [voice]
#189 [voice]
#190 [voice]
#191 [voice]
#201 [voice]
#207 [voice]
#211 [voice]
#215 [voice]
#216 [voice]
#217 [voice]
#226 [voice]
#227 [voice]
#240 [voice]
#242 [voice]
#244 [voice]

-----------------------------------------------------------
 [SE]

#128 [SE]
#129 [SE]
#130 [SE]
#131 [SE]
#132 [SE]
#136 [SE]
#137 [SE]
#138 [SE]
#139 [SE]
#140 [SE]
#141 [SE]
#143 [SE]
#152 [SE]
#153 [SE]
#154 [SE]
#155 [SE]
#156 [SE]
#157 [SE]
#158 [SE]
#164 [SE]
#165 [SE]
#166 [SE]
#192 [SE]
#193 [SE]
#194 [SE]
#195 [SE]
#196 [SE]
#197 [SE]
#198 [SE]
#199 [SE]
#200 [SE]
#204 [SE]
#206 [SE]
#208 [SE]
#209 [SE]
#210 [SE]
#214 [SE]
#218 [SE]
#219 [SE]
#220 [SE]
#221 [SE]
#222 [SE]
#223 [SE]
#224 [SE]
#225 [SE]
#228 [SE]
#229 [SE]
#230 [SE]
#231 [SE]
#232 [SE]
#233 [SE]
#234 [SE]
#235 [SE]
#236 [SE]
#237 [SE]
#238 [SE]
#239 [SE]
#246 [SE]
#247 [SE]
#248 [SE]
#249 [SE]
#250 [SE]
#251 [SE]
#252 [SE]
#253 [SE]
#254 [SE]
#255 [SE]

  ■出典
  NEO-GEO SOUND POWER -G.S.M. SNK 2-
  PONY CANYON / SCITRON  PCCB-00031  1990.06.21

  サイトロン ビデオゲームミュージック年鑑 1990
  PONY CANYON / SCITRON  PCCB-00055  1991.02.21

// List Contribution by NK
$end