$name=schamp
$default=016
$main

#016 ADVERTISE [K.I.Y.O.] <1:43>
#005 CHARACTER SELECT [Get Into The Wave 2] <1:48>
#007 GAME START [Are You Ready?] <0:05>
#004 SOUTH ISLAND [Lovers] <2:44>
#023 FLYING CARPET [Back To Soul] <3:10>
#003 AURORA ICEFIELD [Black Bed] <2:20>
#001 MUSHROOM HILL [Come On, Mr. Sonic] <2:16>
#002 CANYON CRUISE [Blue Garden] <3:27>
#022 CASINO NIGHT [Here We Go] <2:28>
#013 DYNAMITE PLANT [Try Again] <2:41>
#017 GIANT WING [Fire Stone] <3:02>
#010 CHAOS EMERALD [Emerald] <0:06>
#018 DEATH EGG'S EYE [Never Let It Go] <2:33>
#015 DEATH EGG'S HANGAR [Hurry Up] <2:21>
#024 MISSION COMPLETE [Egg's Fanfare] <0:07>
#019 SUPER SONIC [Everything] <3:18>
#012 SONIC VS. KNUCKLES [North Wind] <2:56>
#011 YOU ARE WINNER [Winner's Fanfare] <0:07>
#021 NAME ENTRY [What's Your Name?] <1:21>
#020 ENDING THEME [Take Me Away] <0:53>
#008 CONTINUE [Continue] <0:15>
#009 GAME OVER [Game Over] <0:06>
#000 CHARACTER SELECT (別バージョン) [BONUS TRACK 1] <2:48>
#006 SUNSET TOWN (未使用曲) [BONUS TRACK 2] <2:22>
#014 未使用曲2
//サントラ未収録

  ■出典
  ソニック・ザ・ファイターズ SOUND TRACKS
  TOSHIBA EMI  TYCY-5521  1996.09.26

//[]内は副題です。(CD通りの曲名)
// List Updated by NK
$end