$name=silentd
$default=013
$main

#013 Opening Demo
#022 Player Select
#003 Stage 1
#012 Boss
#021 Stage Clear
#002 Stage 2
#004 Stage 3
#005 Stage 4
#011 Stage 5
#015 Last Boss
#023 EndingÅ`Staff Roll
#001 Game Over

-----------------------------------------------------------
 [VOICE]

#193 [voice]
#194 [voice]
#195 [voice]
#196 [voice]
#197 [voice]
#198 [voice]
#199 [voice]
#226 [voice]

-----------------------------------------------------------
 [SE]

#139 [SE] Credit
#130 [SE]
#131 [SE]
#132 [SE]
#133 [SE]
#134 [SE]
#135 [SE]
#136 [SE]
#137 [SE]
#138 [SE]
#140 [SE]
#141 [SE]
#142 [SE]
#143 [SE]
#144 [SE]
#145 [SE]
#146 [SE]
#147 [SE]
#148 [SE]
#149 [SE]
#150 [SE]
#151 [SE]
#152 [SE]
#153 [SE]
#154 [SE]
#155 [SE]
#156 [SE]
#157 [SE]
#158 [SE]
#159 [SE]
#192 [SE]
#200 [SE]
#201 [SE]
#202 [SE]
#203 [SE]
#204 [SE]
#205 [SE]
#206 [SE]
#207 [SE]
#208 [SE]
#209 [SE]
#210 [SE]
#211 [SE]
#212 [SE]
#213 [SE]
#214 [SE]
#215 [SE]
#216 [SE]
#217 [SE]
#218 [SE]
#219 [SE]
#220 [SE]
#221 [SE]
#222 [SE]
#223 [SE]
#224 [SE]
#225 [SE]
#227 [SE]

// List Contribution by NK
$end