$name=stratof
$default=104
$main

#104 ATTACKING FORCE (OPENING)
#001 TAKE THE AIR (INTERVAL)
#004 雷牙 - AIR LAND BATTLE (STAGE 1)
#011 KO・KE・O・DO・SHI (BOSS 1)
#096 STAR STARTER (ROUND CLEAR 1)
#005 CLOSE QUARTER FIGHTING (STAGE 2)
#012 KO・TE・SHI・RA・BE (BOSS 2)
#097 SPIRIT OF FIRE (ROUND CLEAR 2)
#006 カルタス - KARTUS (STAGE 3)
#010 PENDULUM (BOSS 3)
#098 COFFEE BREAK (ROUND CLEAR 3)
#007 BIG COLUMNS (STAGE 4)
#014 ROLLING LASER (BOSS 4)
#100 CALM (ROUND CLEAR 4)
#008 DOG FIGHT II (STAGE 5)
#013 MIGHTY MAC (BOSS 5)
#099 TEA BREAK (ROUND CLEAR 5)
#009 BURAI SONG (STAGE 6)
#015 LAST STAND (BOSS 6)
#101 PEACEFULLY (ROUND CLEAR 6)
#002 FREEDOM -永遠[とわ]の平和を願って- (ENDING)
#102 SHOOT DOWN (GAME OVER)
#003 DANGER! DANGER! (CONTINUE)
#103 ACE'S HIGH (HIGH SCORE)

-----------------------------------------------------------
 [SE]

#016 [SE] Credit
#018 [SE]
#019 [SE]
#020 [SE]
#023 [SE]
#024 [SE]
#025 [SE]
#026 [SE]
#027 [SE]
#028 [SE]
#031 [SE]
#032 [SE]
#033 [SE]
#034 [SE]
#035 [SE]
#036 [SE]
#038 [SE]
#039 [SE]
#040 [SE]
#041 [SE]
#042 [SE]
#043 [SE]
#044 [SE]
#046 [SE]
#047 [SE]
#048 [SE]
#049 [SE]
#050 [SE]
#053 [SE]
#057 [SE]
#060 [SE]
#061 [SE]
#090 [SE]
#105 [SE]
#106 [SE]
#107 [SE]

  ■出典
  雷牙 / テクモ
  PONY CANYON / SCITRON  PCCB-00063  1991.05.21

// List Contribution by NK
$end