$name=vaportra
$default=$04
$main

$04 NIGHTMARE -LAGNAROK- (IDLE) <2:15.3>
$40 [Voice] "Vapor Trail" (CREDIT) <0:02.5>
$05 TAKE OFF (START) <0:37.7>
$06 VAPOR TRAIL (BGM 1) <2:50.2>
$09 IN THE DARK (ROCKET BOSS) <0:51.8>
$0d MISSION ACCOMPLISHED (CLEAR) <0:18>
$07 BLOODY ROAD (BGM 2) &lt;INTRO&gt; <0:00.8>
$08 BLOODY ROAD (BGM 2) <3:04>
$0a THREAT OF UNDER SEA (SUBMARINE BOSS) <1:00>
$11 A LONG WAY AHEAD (CONTINUE) <0:12>
$0f DEATH OF A HERO (GAME OVER) <0:06>
$0e FREEDOM FIGHTER (NAME) <0:56.5>
$10 THE GLORY DREAMT OF (ENDING) <1:46.8>

$0b VAPOR TRAIL (BGM 1) &lt;RESTART&gt;

-----------------------------------------------------------
 [VOICE]

$40 [voice]
$41 [voice]
$42 [voice]
$43 [voice]
$44 [voice]
$45 [voice]
$46 [voice]
$47 [voice]
$48 [voice]
$49 [voice]
$4a [voice]
$4b [voice]
$4c [voice]
$4d [voice]
$4e [voice]
$4f [voice]
$50 [voice]
$51 [voice]
$52 [voice]

-----------------------------------------------------------
 [SE]

$13 [SE]
$14 [SE]
$15 [SE]
$16 [SE]
$17 [SE]
$18 [SE]
$19 [SE]
$1a [SE]
$1b [SE]
$1c [SE]
$1d [SE]
$1e [SE]
$1f [SE]
$20 [SE]
$21 [SE]
$23 [SE]
$24 [SE]
$25 [SE]
$26 [SE]
$27 [SE]
$28 [SE]
$29 [SE]
$2a [SE]
$2b [SE]
$2c [SE]
$2d [SE]
$2f [SE]
$30 [SE]
$31 [SE]
$32 [SE]
$33 [SE]
$34 [SE]
$35 [SE]
$36 [SE]
$37 [SE]
$38 [SE]
$39 [SE]
$3a [SE]
$3b [SE]
$3c [SE]
$3d [SE]
$3e [SE]
$3f [SE]

  ■出典
  空牙 / データイースト
  PONY CANYON / SCITRON  PCCB-00027  1990.05.21

  サイトロン ビデオゲームミュージック年鑑 1990
  PONY CANYON / SCITRON  PCCB-00055  1991.02.21

// Basic List by Monyons
// Updated by NK
$end