$name=varth
$default=032
//$songmax=108
$main

#032 CREDIT <0:01.5>
#020 POD TYPE SELECT <0:46>
#000 STAGE 1, 16 <2:25>
#010 STAGE 1 BOSS "SPIDER" <1:03>
#018 STAGE CLEAR <0:11>
#001 STAGE 2 <1:46>
#002 STAGE 3 <2:02>
#011 STAGE 4, 21 <1:15>
#012 STAGE 4, 21 BOSS "SATELLITE" <1:04>
#007 STAGE 5, 10 <1:59>
#008 STAGE 6, 26 <2:29>
#013 STAGE 7, 22 BOSS "DRAGON FLY" <1:00>
#006 STAGE 8 <1:37>
#005 STAGE 9, 13 <1:58>
#014 STAGE 11, 23 BOSS "CLOVER FORE" <1:12>
#031 STAGE 12, 17 <1:55>
#009 STAGE 14 <2:12>
#015 STAGE 15, 24 BOSS "IRON GOLEM" <1:40>
#003 STAGE 18, 28 <2:16>
#016 STAGE 19, 25 BOSS "BLOODY HAWK" <1:19>
#030 STAGE 20 BONUS STAGE <2:05>
#004 STAGE 27 <2:11>
#017 STAGE 29 BOSS "CARTRIDGE GUNNER" <1:12>
#107 STAGE 30 LAST BOSS "DUO" (ëOîº) <0:51>
#108 STAGE 30 LAST BOSS "DUO" (å„îº) <2:10>
#019 GAME CLEAR <0:12>
#022 RANKING <0:09>
#023 ENDING <0:30>
#026 STAFF ROLL <1:26>
#027 CONTINUE <0:25>
#028 GAME OVER
#021 NAME ENTRY <0:38>

-----------------------------------------------------------
 [Voices & SEs]

#032 [SE] Credit
#033 [SE]
#034 [SE]
#035 [SE]
#036 [SE]
#037 [SE]
#038 [SE]
#039 [SE]
#040 [SE]
#041 [SE]
#042 [SE]
#043 [SE]
#044 [SE]
#045 [SE]
#046 [SE]
#047 [SE]
#048 [SE]
#049 [SE]
#050 [SE]
#051 [SE]
#052 [SE]
#053 [SE]
#054 [SE]
#055 [SE]
#056 [SE]
#057 [SE]
#058 [voice] "POWER UP"
#059 [voice] "è∏ó¥åù"
#060 [SE]
#061 [SE]
#062 [SE]
#063 [SE]
#064 [SE]
#065 [SE]
#066 [SE]
#067 [SE]
#068 [SE]
#069 [SE]
#070 [SE]
#071 [SE]
#072 [SE]
#073 [SE]
#074 [SE]
#075 [SE]
#076 [SE]
#077 [SE]
#078 [SE]
#079 [SE]
#080 [SE]
#081 [SE]
#082 [SE]
#083 [SE]
#084 [voice] "Varth - Operation Thunderstorm"
#085 [SE]
#086 [SE]
#087 [SE]
#088 [SE]
#089 [SE]
#090 [SE]
#091 [voice] "MACHINE GUN"
#092 [voice] "WIDE SHOT"
#093 [voice] "LASER"
#094 [voice] "HOMING"
#095 [voice] "MISSILE"
#096 [voice] "NAPALM"
#097 [voice] "GUN PARTS"
#098 [voice] "1UP"
#099 [voice] "MAX POWER"
#100 [voice] "BOMBER"
#101 [voice] "SHIELD"
#102 [voice] "BONUS STAGE"
#103 [voice] "POWER KEEP"
#106 [SE]

  Å°èoìT
  VARTH -G.S.M. CAPCOM 6- / ALFH LYRA
  PONY CANYON / SCITRON  PCCB-00110  1993.02.19

  Å°çÏã»
  ÇøÇÊÇ‹Å`Ç∞

// List Updated by NK
$end