$name=vf3
$version=2
$default=000
$main

#000 Unknown
#001 Keen Head (Jacky in the Building)
#004 Mai (Aoi in the show)
#006 Coral Groove (Jeffry in the Sea)
#007 Jingle
#011 Gameover
#013 The Hall (Akira in the Bomboo Grove)
#015 Hiding (Kage-Maru in the Castle)
#016 Blandish Fist (Extra Stage)
#017 On The Circle (Taka-Arashi on the Ring)
#018 Kui
#019 Casiopea
#021 Inpudence (Extra Stage)
#256 [SFX] One
#257 [SFX] Two
#258 [SFX] Three
#259 [SFX] Four
#260 [SFX] Five
#261 [SFX] Six
#262 [SFX] Seven
#263 [SFX] Eight
#264 [SFX] Nine
#265 [SFX] Congratulations
#266 [SFX] Draw
#267 [SFX] Excellent
#268 [SFX] Fight
#269 [SFX] Game Over
#270 [SFX] Go!
#271 [SFX] K.O.
#272 [SFX] New Challenger
#273 [SFX] Ready
#274 [SFX] Out of the Ring
#275 [SFX] Sudden Death
#276 [SFX] Time's Up
#277 [SFX] Ring Out
#278 [SFX] Time Over
#002 [broken] Tedium (Lion in the Library)
#003 [broken] Underground (Sarah in the Subway)
#005 [broken] Raging Wind (Lau in the Great Wall)
#008 [broken] Select
#009 [broken] Open The Deadgate (Pai on the Roof)
#010 [broken] Drunkman in Hong Kong (Shun on the Loft)
#012 [broken] Wolf
#020 [broken] Funk
#028 [broken] Ending
#030 [broken] Name Entry
#032 [broken] Tender Steel (Dural)
???? Rowdy
???? Virtua Fighter 3
???? Next Challenger
???? Gostroptosis (in the Cave)
???? Ancient times
???? After Image 2
???? Tell Me Your Memories
???? Stage Clear
???? Try to Next Level
???? Modesty (Extra Stage)
???? The Killer Mantis (Extra Stage)
???? Persevering (Extra Stage)
???? Cool Bell (Extra Stage)
???? Tears of Falling (Extra Stage)
???? For You...

  [Source]
  Virtua Fighter 3tb (Dreamcast Version)
  Sega  HDR-0002
  Plus sound test menu in VF3 in MAME

// List contribution by Hiroshi
// Additional list by R. Belmont
$end
