$name=ws
$default=265
$main

#265 [SE] 打撃音 ジャストミートおよびクレジット音
#009 セレクト画面<00:46.48>
#011 プレイボール<0:06>
#256 BGM メイン<0:54.40>
#257 タイム<0:12.80>

#015 バトルマーチ こばやかわ<00:17>
#016 バトルマーチ らんす<00:28.30>
#017 バトルマーチ ひこの *1<00:26.35>
#018 バトルマーチ おちあい *2<00:26.80>

#002 攻守交代 こーらくえん球場
#006 バトルマーチ ほうなあ<00:29.10>
#019 バトルマーチ ひろさわ<00:20.70>
#020 バトルマーチ ぽんせ *3<00:27.15>
#021 バトルマーチ やしき *4<00:24.25>

#003 攻守交代 こーしえん球場
#022 バトルマーチ まゆみ *5<00:16>
#024 バトルマーチ ばあす<00:15.53>
#023 バトルマーチ かけふ<00:15.40>
#025 バトルマーチ いしげ<00:18.70>
#026 バトルマーチ きよはら<00:26.80>

#004 攻守交代 メジャー球場
#027 バトルマーチ いしみね<00:17.50>
#028 バトルマーチ かどた<00:17.50>
#029 バトルマーチ ぶりゅわ<00:23.38>
#030 バトルマーチ たかざわ<00:17.75>
#031 バトルマーチ でいひす<00:16.30>

#258 BGM スコアリングポジション<0:12.80>
#005 ホームランファンファーレ
#008 ゲームセット 勝ち試合
#033 ゲームセット 引分試合
#032 ゲームセット 負け試合<0:24.75>
#001 ゲームオーバー

#034 ステレオテスト
#010 セレクト画面 前奏無<00:44>
#007 ほうなあ 前奏無<00:26>	

----------------------------------------------

#259 [SE] ボール着地音
#260 [SE] フェンス衝突音
#261 [SE] 捕球音
#262 [SE] 投球音 高速
#263 [SE] 投球音 中速
#264 [SE] 投球音 低速
#266 [SE] 滑込音
#267 [SE] 未詳
#268 [SE] 未詳
#269 [SE] 未詳
#270 [SE] セレクト画面移項音
#271 [SE] 盗塁音
#272 [SE] カーソル音
#273 [SE] 打撃音
#274 [SE] 打撃音 ジャストミートおよびクレジット音
#275 [SE] 打撃音 バント

  *1 「ヨイショ!」作曲 長沢ヒロ
  *2 「マグマ大使主題歌」作曲 山本直純
  *3 「ラクカラーチャ」メキシコ民謡
  *4 「狙いうち」作曲 都倉俊一
  *5 「MICKEY MOUSE MARCH」作曲 JimmieDodd　 

// List contribution by MAZ
$end
