$name=1941
$default=150
//$songmax=171
$main

#150 CREDIT <0:02>
#074 OPENING <0:21.56>
#064 STAGE 1 <1:47.38>
#066 BOSS 1 <1:43.8>
#067 STAGE CLEAR <0:08>
#065 STAGE 2 <1:27.77>
#072 BOSS 2 <1:13.1>
#068 STAGE 3 <1:32.35>
#073 BOSS 3 <1:36.9>
#069 STAGE 4 <1:51.45>
#077 BOSS 4 <1:04.2>
#070 STAGE 5 <0:59.3>
#088 BOSS 5 <1:37.5>
#071 STAGE 6-A <0:56.4>
#066 中BOSS A <0:52.6>
#079 STAGE 6-B <1:33.45>
#081 STAGE 6-C <1:11.8>
#078 中BOSS B <0:48.5>
#080 STAGE 6-D <0:46.3>
#082 BOSS 6-A <1:09.2>
#083 BOSS 6-B (LAST BOSS) <0:59.6>
#086 LAST STAGE CLEAR <0:07>
#075 ENDING <1:43>
#087 STAFF ROLL <0:52>
#085 RANKING <0:48.9>
#084 CONTINUE <0:24.7>
#076 GAME OVER <0:04.5>
#089 未使用曲 <1:16.95>

-----------------------------------------------------------
  [SE]

#096 [se]
#097 [se]
#098 [se]
#099 [se]
#100 [se]
#101 [se]
#102 [se]
#103 [se]
#104 [se]
#105 [se]
#106 [se]
#107 [se]
#109 [se]
#110 [se]
#111 [se] <0:03>
#112 [se]
#113 [se]
#114 [se]
#115 [se]
#116 [se]
#117 [se]
#118 [se]
#119 [se]
#120 [se] <0:03>
#121 [se]
#122 [se]
#123 [se]
#124 [se]
#125 [se]
#126 [se]
#128 [se]
#129 [se]
#130 [se]
#131 [se]
#132 [se]
#133 [se]
#134 [se]
#135 [se]
#136 [se]
#137 [se]
#138 [se]
#139 [se]
#140 [se]
#141 [se]
#142 [se]
#143 [se]
#144 [se]
#145 [se]
#146 [se]
#147 [se]
#148 [se]
#149 [se]
#150 [se] Credit
#151 [se]
#152 [se]
#153 [se]
#154 [se]
#155 [se]
#156 [se]
#157 [se]
#158 [se]
#159 [se]
#160 [se]
#161 [se]
#162 [se]
#163 [se]
#164 [se]
#165 [se]
#166 [se]
#167 [se]
#168 [se]
#169 [se]
#170 [se]
#171 [se]

■出典
  Final Fight -G.S.M. CAPCOM 3- / アルフ ライラ ワ ライラ
  PONY CANYON / SCITRON  PCCB-00030  1990.05.21

■解説
  「1941」というゲームは、カプコンの看板商品であり、《19》シリーズが
  今まで人気があるという事で、この「1941」は必ずヒットしなければいけ
  ないという重い責任がありました。MUSICに対しても、それなりなシビア
  な見られ方をするワケで「手抜き」なーんて考えてはいけない、いや考
  えられないのであります。(普段でも手抜きはいけませんョ。)
  とーころがドスコイ、世の中というのはそんな甘いものではありません
  でした。ゲームUPの期間が初心者の私には短かったという事も少しは
  ありますが、良い曲が書けずに期間がだんだんとせまり、私の頭の中
  と心の中は清く正しかった頃の澄みきった(セイラム・ライトのような)物
  から、どんよりと濁った(ウニをグチャグチャにして10日ほど置いて腐ら
  したような)物へと変わりました。目はキツネのように釣り上がり、白目
  の部分は充血し、まさに「変なおじさん」じゃなくて「鬼」のようだったと
  自分で勝手に思ってます。しかし、心ある企画の方のおかげで何とか
  終わらせる事ができました。
  教訓･･･「喉元すぎれば熱さ忘れる」。
  とにかく終わって良かった良かった。さあ明日も楽しい職場でガンバロ
  ー。
                                                                           by ひふみ
                              (普段も「変なおじさん」です:サウンドチーム注)

// List contributed by NK
$end