$name=1942
$default=010
//$songmax=031
$main

#010 クレジット <0:03>
#013 スタート (1) <0:02>
#006 スタート (2) <0:04>
#017 メインBGM <1:15.3>
#016 [Function : Sound Stop] <0:01>
#027 ステージクリア <0:02>
#018 リスタート 1 <0:05.3>
#026 亜也虎登場 <0:03.8>
#020 亜也虎BGM <0:38.4>
#021 ボーナスステージクリア <0:12>
#008 EXTEND <0:02.5>
#019 リスタート 2 <0:06>
#022 ゲームオーバー <0:09>
#023 ネームレジスト <0:21.7>
#024 1位エントリー終了 <0:06.4>
#025 2位以下エントリー終了 <0:05.3>
#016 [Function : Sound Stop]

-----------------------------------------------------------
 [SE]

#001 [se]
#002 [se]
#003 [se]
#004 [se]
#005 [se]
#006 [se]
#007 [se]
#008 [se]
#009 [se]
#010 [se]
#012 [se]
#013 [se]
#014 [se]
#027 [se]
#031 [se]

■出典
  カプコン・ゲーム・ミュージック
  ALFA RECORDS  28XA-94  1986.08.25

  カプコン・ゲーム・ミュージック (LEGEND SERIES)
  SME / SCITRON  SCDC-00193  2002.06.19

■解説
  カプコン＋シューティングといえば御存知、19～シリーズ。その元祖と
  なったのが本作です。ホイッスルとスネアの絶妙なハーモニーが織り
  なすコンバットミュージックは、シンプルな中に耳に残る不思議な感覚
  を醸し出しています。

  (開発秘話)
  開発当初はSFっぽいキャラの戦闘ゲームだった所が、ロケーションで
  目立たない事を理由にボツになり、その後、開発メンバーが映画「零
  戦燃ゆ」を観て作ったという、1942。プロトタイプ版の自機は、なんと
  1連装！でした。
　当時はゲームの評価も悪く、カプコン販売部に至っては "売りたくな
  い! "とまで言われる始末。ところが発売されてからの経緯は御存知の
  通り、シンプルな内容が一般層に受け、ロングヒットを飛ばす事になっ
  たのです。

// List contributed by NK
$end