$name=1943
$default=018
//$songmax=050
$main

#018 クレジット <0:01.5>
#032 対空戦A (Round 1, 2, 7, 10, 13, 16) <1:28.9>
#033 対艦戦A (Round 1-利根, 2-加賀, 7-伊勢, 10-陸奥, 13-蒼龍) <1:30.2>
#042 亜也虎 (Round 3, 9) <0:54.9>
#043 作戦成功I (撃破率表示1) <0:08>
#039 補給 (ボーナスカウント) <0:10.5>
//サントラ未収録
#034 対空戦B (Round 3, 4, 8, 14) <1:17.4>
#035 対艦戦B (Round 4-扶桑, 8-飛龍) <1:27.3>
#045 作戦失敗 (撃破率表示2) <0:08>
#036 対空戦C (Round 5, 9, 12, 15) <1:27>
#037 対艦戦C (Round 5-赤城, 12-山城, 15-長門, 16-大和) <1:43.1>
#041 大飛龍 (Round 6, 11) <1:01.5>
#044 作戦成功II (撃破率表示3) <0:08.5>
#048 対空戦D (Round 6, 11) <1:37.8>
#049 ラスト亜也虎 (Round 14) <0:49.3>
#040 ラスト・ステージ・クリア <0:53>
#050 アメリカ国歌 (星条旗よ永遠なれ) <0:24>
#047 スタッフロール <0:48>
//サントラ未収録
#020 コンティニュー <0:13>
//サントラ未収録
#046 ゲームオーバー <0:08>
//サントラ未収録

-----------------------------------------------------------
 [SE]

#001 [se]
#002 [se]
#003 [se]
#004 [se]
#005 [se]
#006 [se]
#007 [se]
#008 [se]
#009 [se]
#010 [se]
#011 [se]
#012 [se]
#013 [se]
#014 [se]
#015 [se]
#016 [se]
#017 [se]
#018 [se]
#019 [se]
#021 [se]
#022 [se]
#023 [se]
#024 [se]
#025 [se]
#026 [se]
#027 [se]
#028 [se]
#029 [se]
#030 [se]

■出典
  カプコン・ゲーム・ミュージック　VOL.3
  ALFA RECORDS  28XA-204  1988.04.20

  カプコン・ゲーム・ミュージック　VOL.3 (LEGEND SERIES)
  SME / SCITRON  SCDC-00198  2002.07.24

■解説
  "今甦る大戦の勇者たち！" 「1943」(1987年作品)のゲームミュージッ
  クをお送りします。
　1942で培ったシューティングゲームのノウハウを抜群に生かし切った
  ゲーム内容は、マニアにも一般人にも大変好評でした。PSGの前作か
  らFM音源に変わり、コンポ－ザー曰く「イケイケのイメージで押し切っ
  た！」とのこと。戦艦の荘厳な雰囲気が良く表現されている音楽です。

  (ストーリー)
　今を去る40年、時代は第二次世界大戦の真っ只中。大日本帝国主力
  艦隊が、ミッドウェイ沖において手痛い敗北を喫した。この海戦の勝敗
  は、後の戦況を大きく変えたとも言われている。"君に大和が破壊でき
  るか！"

  (テクニック)
  ・各面スタート時、目標が表示されて空母が下がる瞬間に、以下のコ
  マンドを入力しておくと、武器のタイムがMAXの64秒でスタート出来ま
  す。レーザーに関してはタイム制限が無く、他の武器を取ってしまうと
  レーザーには戻せないので注意が必要です。 
  ・大飛龍直前で画面左下から出現する小型機は、撃つと破壊されずに
  回転して佐吉（武器タイムMAX）になりますが、画面中央やや上ぐらい
  で撃つと(あまり上すぎると画面外に消えてしまうので注意)、大飛龍が
  出現してスクロールが停止するのと同時に、アイテムも流れずに止ま
  ります。次の面でコマンドを使わないなら、大飛龍撃墜後にアイテムを
  取れば、ほぼMAXで次の面に臨めます。 
  ・まねきネコを取るとレーザーが使えますが、このまねきネコは、通算
  ラウンド数と現在プレイ中のラウンド数に関係して出現します(デモ中
  のラウンドも含みます)。 
  ・16分の1の確立で、壊れた艦橋からモビちゃん(10万点)が出現しま
  す。 
  ・艦橋の破片は1個1万点ですが、艦橋が破裂した瞬間にメガクラッシ
  ュして津波を出すと、もう一度破片が飛び散るので稼げます。高難易
  度技です。 
  ・このゲームはエネルギーが0になっても、被弾しない限り死なないの
  で、16面の対艦戦(大和)をノーミスでループする事が出来れば、永久
  パターンになります。大和だけは、何回ループしても撃沈しなければ
  終わらないのです。 

// List updated by NK
$end