$name=ffight
$default=149
//$songmax=159
$main

#149 [se] Phone 1 <0:05.8>
#150 [se] Phone 2 <0:01.5>
#082 DEMO BGM
#095 CREDIT
#085 PLAYER SELECT <0:37.8>
#080 OPENING <0:04.5>

 &lt;STAGE 1&gt;
#136 [voice] Ahhhahahaha... (Damnd) <0:02>
#064 BGM 1 <1:16.1>
#065 BGM 2 <1:09.3>
#064 BGM 1 <0:41.5>
#087 ROUND CLEAR

 &lt;STAGE 2&gt;
#133 [voice] Haaaahhhh! <0:02.3>
#066 BGM 3 <2:01.8>
#148 [se] Subway 1 <0:04>
#147 [se] Subway 2 <0:07>
#067 BGM 4 <1:33.2>
#076 BONUS STAGE <0:26.5>
#116 [se] <0:03>
#142 [voice] Oh! My God!! (Bred)

 &lt;STAGE 3&gt;
#064 BGM 1 <0:41.5>
#068 BGM 5 <1:09.2>
#064 BGM 1 <0:41.5>
#068 BGM 5 <0:48.5>

 &lt;STAGE 4&gt;
#072 BGM 9 <3:11.6>
#073 BGM 10 <2:49.3>

 &lt;STAGE 5&gt;
#069 BGM 6 <1:57.7>
#070 BGM 7 <1:04.6>
#071 BGM 8 <1:20>

 &lt;STAGE 6&gt;
#144 [se] Elevator 1 <0:01>
#145 [se] Elevator 2 <0:03>
#146 [se] Elevator 3 <0:02>
#137 [voice] Hah!
#064 BGM 1 <0:41.5>
#073 BGM 10 <1:32.3>
#066 BGM 3 <1:04.1>
#157 [voice] Huhahahaha... (Belger) <0:03>
#071 BGM 8 <0:40>
#158 [voice] Aahhhh... (Belger) <0:04>
#109 [se] Belger's End <0:02>
#088 LAST ROUND CLEAR <0:08>

#084 ENDING
#083 CONTINUE
#081 GAME OVER

-----------------------------------------------------------
 [VOICE]

#099 [voice] Hummn! (Cody, Haggar)
#100 [voice] Deyaah! (Cody)
#123 [voice] Deyaah! (Cody)
#124 [voice] Haah! (Cody)
#128 [voice] Wooahhah... (Cody, Guy)
#131 [voice] Uoohh... (Cody)
#103 [voice] Uraah! (Haggar)
#104 [voice] Deyaah! (Haggar)
#105 [voice] Yaah! (Haggar)
#106 [voice] Uhryaah! (Haggar)
#107 [voice] Tehryah! (Haggar)
#125 [voice] Uwaahoh! (Haggar)
#129 [voice] Gyuoh... (Haggar)
#132 [voice] Uhwahh... (Haggar)
#101 [voice] Eiyaah! (Guy)
#108 [voice] Haah! (Guy)
#130 [voice] Ahhh... (Guy)
#137 [voice] Hah! (Andore, BIll Bull, Wong Who)
#139 [voice] Kyaahah... (Poison, Roxy)
#133 [voice] Haaaahhhh! (Abigail)
#136 [voice] Ahhhahahaha... (Damnd)
#140 [voice] Uohh...
#141 [voice] Uhwaahh...
#142 [voice] Oh! My God!! (Bred)
#156 [voice] Oh,aahhhhah... (Jessica)
#157 [voice] Huhahahaha... (Belger)
#158 [voice] Aahhhh... (Belger)
#138 [voice] ??? (unused)

-----------------------------------------------------------
 [SE]

#093 [se] (unused)
#094 [se]
#096 [se]
#097 [se]
#098 [se]
#102 [se]
#110 [se]
#111 [se]
#112 [se]
#113 [se]
#114 [se]
#115 [se]
#116 [se]
#117 [se]
#118 [se]
#119 [se]
#120 [se]
#121 [se]
#126 [se]
#127 [se]
#134 [se]
#135 [se]
#143 [se]
#152 [se]
#153 [se]
#154 [se]
#155 [se]
#159 [se]
#148 [se] Subway 1 <0:04>
#147 [se] Subway 2
#144 [se] Elevator 1 <0:01>
#145 [se] Elevator 2 <0:05>
#146 [se] Elevator 3
#122 [se]
#151 [se]

■出典
  Final Fight -G.S.M. CAPCOM 3- / アルフ ライラ ワ ライラ
  PONY CANYON / SCITRON  PCCB-00030  1990.05.21

  サイトロン ビデオゲームミュージック年鑑 1990
  PONY CANYON / SCITRON  PCCB-00055  1991.02.21

■解説
  カプコン・サウンドチーム全員で作ったファイナルファイトは、最初「スト
  リートファイター'89」と言うネーミングで、前作のストリートファイターの
  延長線を思いおこさせるかの様に見えたけど、ゲーム自体はスーパー
  アクションの数々で、俗にケンカゲームとも呼ばれています。
  舞台が、スラム街、ニューヨーク地下鉄など、アメリカン・ステージの
  数々なので、音楽性もファンキー&ヘビーな路線でつっ走る部分や、
  ポップス調な感じといろいろ展開を考えて作ってみました。
  ゲーム自体のストーリー性として映画の様な場面展開があるので、
  ゲーム性のつっ走る感じとは逆に、場面の切り換えで雰囲気の盛り上
  げ方をさまざまに変える必要があったので、いろんなイメージの展開
  を考えました。
  最後に、かくし最終ラウンドクリアーを見る事ができる人は、幸運があ
  る。ファイナルファイトの、かくし最終ラウンドクリアーデモに、アルフ
  ライラからのメッセージがのっているよ。
                                                     by カプコン・サウンドチーム

  いや～、またしてもゲーム界の巨匠、今、ここに参上。
  まずは、'90 年間No.1ゲームに選ばれ、大変うれしく思っております。
  たくさんのファンのみなさまからの熱い声援におこたえして、「ほんとう
  にありがとうございます」。と、言うわけで、ファイナルファイト・オリジナ
  ルMIXアレンジバージョンがついに登場しました。
  今回は2人でアレンジを行い、いきなりイメージがニューヨークの朝か
  夜かで意見がわかれましたが結局、夕方のイメージで作ろうということ
  になりました。しかしHaggarが受話器をとったのが、徹夜明けの朝な
  のか、残業中の夜なのかいまだに議論している2人です。
  とにかく、僕たちの精一杯のプレゼントを聞いてください。
                                                                おやじ&ちよま～げ

// List contributed by NK
$end